// Jest Snapshot v1, https://goo.gl/fbAQLP

exports[`EventOverview.vue should render correctly 1`] = `
VueWrapper {
  "__app": Object {
    "_component": Object {
      "name": "VTU_ROOT",
      "render": [Function],
    },
    "_container": <div
      data-v-app=""
    >
      <div
        id="event-information-container"
      >
        <div
          id="event-overview-info-container"
        >
          <div>
            <h3>
              Title
            </h3>
            <p
              data-testid="title"
            >
              Test Event
            </p>
          </div>
          <div>
            <h3>
              Description:
            </h3>
            <p
              data-testid="description"
            >
               More info about group trip here...description 
            </p>
          </div>
          <!--v-if-->
          <div>
            <h3>
              Destination City
            </h3>
            <p
              data-testid="destinationCity"
            >
              Cork
            </p>
          </div>
          <div>
            <h3>
              Event Type
            </h3>
            <p
              data-testid="domesticOvernightEvent"
            >
               Domestic Overnight Event 
            </p>
          </div>
        </div>
        <div
          id="event-users-parent-container"
        >
          <h4>
            Users
          </h4>
          
          
        </div>
        <div
          class="event-user-actions-parent-container"
        >
          <span
            id="editEventIcon"
          >
            <i
              class="fas fa-pen"
            />
          </span>
        </div>
      </div>
    </div>,
    "_context": Object {
      "app": [Circular],
      "components": Object {
        "transition": Object {
          "name": "transition",
        },
        "transition-group": Object {
          "name": "transition-group",
        },
      },
      "config": Object {
        "compilerOptions": Object {},
        "errorHandler": undefined,
        "globalProperties": Object {},
        "isNativeTag": [Function],
        "optionMergeStrategies": Object {},
        "performance": false,
        "warnHandler": undefined,
      },
      "directives": Object {},
      "emitsCache": WeakMap {},
      "mixins": Array [
        Object {
          "beforeCreate": [Function],
        },
      ],
      "optionsCache": WeakMap {},
      "propsCache": WeakMap {},
      "provides": Object {},
      "reload": [Function],
    },
    "_instance": Object {
      "a": null,
      "accessCache": Object {},
      "appContext": Object {
        "app": [Circular],
        "components": Object {
          "transition": Object {
            "name": "transition",
          },
          "transition-group": Object {
            "name": "transition-group",
          },
        },
        "config": Object {
          "compilerOptions": Object {},
          "errorHandler": undefined,
          "globalProperties": Object {},
          "isNativeTag": [Function],
          "optionMergeStrategies": Object {},
          "performance": false,
          "warnHandler": undefined,
        },
        "directives": Object {},
        "emitsCache": WeakMap {},
        "mixins": Array [
          Object {
            "beforeCreate": [Function],
          },
        ],
        "optionsCache": WeakMap {},
        "propsCache": WeakMap {},
        "provides": Object {},
        "reload": [Function],
      },
      "asyncDep": null,
      "asyncResolved": false,
      "attrs": Object {},
      "bc": null,
      "bm": null,
      "bu": null,
      "bum": null,
      "c": null,
      "components": null,
      "ctx": Object {},
      "da": null,
      "data": Object {},
      "directives": null,
      "ec": null,
      "effect": ReactiveEffect {
        "active": true,
        "allowRecurse": true,
        "deps": Array [
          Set {
            [Circular],
          },
          Set {
            [Circular],
          },
          Set {
            [Circular],
          },
          Set {
            [Circular],
          },
        ],
        "fn": [Function],
        "onTrack": undefined,
        "onTrigger": undefined,
        "scheduler": [Function],
      },
      "emit": [Function],
      "emitsOptions": null,
      "emitted": null,
      "exposeProxy": null,
      "exposed": null,
      "inheritAttrs": undefined,
      "isDeactivated": false,
      "isMounted": true,
      "isUnmounted": false,
      "m": null,
      "next": null,
      "parent": null,
      "props": Object {},
      "propsDefaults": Object {},
      "propsOptions": Array [
        Object {},
        Array [],
      ],
      "provides": Object {},
      "proxy": Object {},
      "refs": Object {
        "VTU_COMPONENT": Object {
          "departureCity": "",
          "destinationCity": "Cork",
          "guestUser": false,
          "hasOwnProperty": [Function],
          "individualEvent": Object {
            "city": "Cork",
            "title": "Test Event",
            "type": "DOMESTIC_OVERNIGHT",
          },
          "invitedUser": false,
          "item": Object {
            "city": "Cork",
            "title": "Test Event",
            "type": "DOMESTIC_OVERNIGHT",
          },
          "populateEventInfo": [Function],
          "title": "Test Event",
          "type": "DOMESTIC_OVERNIGHT",
        },
      },
      "render": [Function],
      "renderCache": Array [],
      "root": [Circular],
      "rtc": null,
      "rtg": null,
      "scope": EffectScope {
        "active": true,
        "cleanups": Array [],
        "effects": Array [
          ReactiveEffect {
            "active": true,
            "allowRecurse": true,
            "deps": Array [
              Set {
                [Circular],
              },
              Set {
                [Circular],
              },
              Set {
                [Circular],
              },
              Set {
                [Circular],
              },
            ],
            "fn": [Function],
            "onTrack": undefined,
            "onTrigger": undefined,
            "scheduler": [Function],
          },
        ],
      },
      "setupContext": null,
      "setupState": Object {},
      "slots": Object {},
      "sp": null,
      "subTree": Object {
        "__v_isVNode": true,
        "__v_skip": true,
        "anchor": null,
        "appContext": null,
        "children": null,
        "component": Object {
          "a": null,
          "accessCache": Object {
            "@@__IMMUTABLE_ITERABLE__@@": 0,
            "@@__IMMUTABLE_RECORD__@@": 0,
            "_isMockFunction": 0,
            "constructor": 0,
            "departureCity": 2,
            "destinationCity": 2,
            "guestUser": 2,
            "hasOwnProperty": 4,
            "individualEvent": 3,
            "invitedUser": 3,
            "isVueInstance": 0,
            "item": 2,
            "populateEventInfo": 4,
            "title": 2,
            "toJSON": 0,
            "type": 2,
            Symbol(Symbol.toStringTag): 0,
          },
          "appContext": Object {
            "app": [Circular],
            "components": Object {
              "transition": Object {
                "name": "transition",
              },
              "transition-group": Object {
                "name": "transition-group",
              },
            },
            "config": Object {
              "compilerOptions": Object {},
              "errorHandler": undefined,
              "globalProperties": Object {},
              "isNativeTag": [Function],
              "optionMergeStrategies": Object {},
              "performance": false,
              "warnHandler": undefined,
            },
            "directives": Object {},
            "emitsCache": WeakMap {},
            "mixins": Array [
              Object {
                "beforeCreate": [Function],
              },
            ],
            "optionsCache": WeakMap {},
            "propsCache": WeakMap {},
            "provides": Object {},
            "reload": [Function],
          },
          "asyncDep": null,
          "asyncResolved": false,
          "attrs": Object {},
          "bc": null,
          "bm": null,
          "bu": null,
          "bum": null,
          "c": null,
          "components": Object {},
          "ctx": Object {
            "departureCity": "",
            "destinationCity": "Cork",
            "guestUser": false,
            "hasOwnProperty": [Function],
            "individualEvent": Object {
              "city": "Cork",
              "title": "Test Event",
              "type": "DOMESTIC_OVERNIGHT",
            },
            "invitedUser": false,
            "item": Object {
              "city": "Cork",
              "title": "Test Event",
              "type": "DOMESTIC_OVERNIGHT",
            },
            "populateEventInfo": [Function],
            "title": "Test Event",
            "type": "DOMESTIC_OVERNIGHT",
          },
          "da": null,
          "data": Object {
            "departureCity": "",
            "destinationCity": "Cork",
            "guestUser": false,
            "item": Object {
              "city": "Cork",
              "title": "Test Event",
              "type": "DOMESTIC_OVERNIGHT",
            },
            "title": "Test Event",
            "type": "DOMESTIC_OVERNIGHT",
          },
          "directives": null,
          "ec": null,
          "effect": ReactiveEffect {
            "active": true,
            "allowRecurse": true,
            "deps": Array [
              Set {
                [Circular],
              },
              Set {
                [Circular],
              },
              Set {
                [Circular],
              },
              Set {
                [Circular],
              },
              Set {
                [Circular],
              },
              Set {
                [Circular],
              },
              Set {
                [Circular],
              },
            ],
            "fn": [Function],
            "onTrack": undefined,
            "onTrigger": undefined,
            "scheduler": [Function],
          },
          "emit": [Function],
          "emitsOptions": null,
          "emitted": null,
          "exposeProxy": null,
          "exposed": null,
          "inheritAttrs": undefined,
          "isDeactivated": false,
          "isMounted": true,
          "isUnmounted": false,
          "m": null,
          "next": null,
          "parent": [Circular],
          "props": Object {
            "individualEvent": Object {
              "city": "Cork",
              "title": "Test Event",
              "type": "DOMESTIC_OVERNIGHT",
            },
            "invitedUser": false,
          },
          "propsDefaults": Object {},
          "propsOptions": Array [
            Object {
              "individualEvent": Object {},
              "invitedUser": Object {},
            },
            Array [],
          ],
          "provides": Object {},
          "proxy": Object {
            "departureCity": "",
            "destinationCity": "Cork",
            "guestUser": false,
            "hasOwnProperty": [Function],
            "individualEvent": Object {
              "city": "Cork",
              "title": "Test Event",
              "type": "DOMESTIC_OVERNIGHT",
            },
            "invitedUser": false,
            "item": Object {
              "city": "Cork",
              "title": "Test Event",
              "type": "DOMESTIC_OVERNIGHT",
            },
            "populateEventInfo": [Function],
            "title": "Test Event",
            "type": "DOMESTIC_OVERNIGHT",
          },
          "refs": Object {},
          "render": [Function],
          "renderCache": Array [
            [Function],
          ],
          "root": [Circular],
          "rtc": null,
          "rtg": null,
          "scope": EffectScope {
            "active": true,
            "cleanups": Array [],
            "effects": Array [
              ReactiveEffect {
                "active": true,
                "allowRecurse": true,
                "deps": Array [
                  Set {
                    [Circular],
                  },
                  Set {
                    [Circular],
                  },
                  Set {
                    [Circular],
                  },
                  Set {
                    [Circular],
                  },
                  Set {
                    [Circular],
                  },
                  Set {
                    [Circular],
                  },
                  Set {
                    [Circular],
                  },
                ],
                "fn": [Function],
                "onTrack": undefined,
                "onTrigger": undefined,
                "scheduler": [Function],
              },
            ],
          },
          "setupContext": null,
          "setupState": Object {},
          "slots": Object {},
          "sp": null,
          "subTree": Object {
            "__v_isVNode": true,
            "__v_skip": true,
            "anchor": null,
            "appContext": null,
            "children": Array [
              Object {
                "__v_isVNode": true,
                "__v_skip": true,
                "anchor": null,
                "appContext": null,
                "children": Array [
                  Object {
                    "__v_isVNode": true,
                    "__v_skip": true,
                    "anchor": null,
                    "appContext": null,
                    "children": Array [
                      Object {
                        "__v_isVNode": true,
                        "__v_skip": true,
                        "anchor": null,
                        "appContext": null,
                        "children": "Title",
                        "component": null,
                        "dirs": null,
                        "dynamicChildren": null,
                        "dynamicProps": null,
                        "el": <h3>
                          Title
                        </h3>,
                        "key": null,
                        "patchFlag": -1,
                        "props": null,
                        "ref": null,
                        "scopeId": null,
                        "shapeFlag": 9,
                        "slotScopeIds": null,
                        "ssContent": null,
                        "ssFallback": null,
                        "staticCount": 0,
                        "suspense": null,
                        "target": null,
                        "targetAnchor": null,
                        "transition": null,
                        "type": "h3",
                      },
                      Object {
                        "__v_isVNode": true,
                        "__v_skip": true,
                        "anchor": null,
                        "appContext": null,
                        "children": "Test Event",
                        "component": null,
                        "dirs": null,
                        "dynamicChildren": null,
                        "dynamicProps": null,
                        "el": <p
                          data-testid="title"
                        >
                          Test Event
                        </p>,
                        "key": null,
                        "patchFlag": 1,
                        "props": Object {
                          "data-testid": "title",
                        },
                        "ref": null,
                        "scopeId": null,
                        "shapeFlag": 9,
                        "slotScopeIds": null,
                        "ssContent": null,
                        "ssFallback": null,
                        "staticCount": 0,
                        "suspense": null,
                        "target": null,
                        "targetAnchor": null,
                        "transition": null,
                        "type": "p",
                      },
                    ],
                    "component": null,
                    "dirs": null,
                    "dynamicChildren": null,
                    "dynamicProps": null,
                    "el": <div>
                      <h3>
                        Title
                      </h3>
                      <p
                        data-testid="title"
                      >
                        Test Event
                      </p>
                    </div>,
                    "key": null,
                    "patchFlag": 0,
                    "props": null,
                    "ref": null,
                    "scopeId": null,
                    "shapeFlag": 17,
                    "slotScopeIds": null,
                    "ssContent": null,
                    "ssFallback": null,
                    "staticCount": 0,
                    "suspense": null,
                    "target": null,
                    "targetAnchor": null,
                    "transition": null,
                    "type": "div",
                  },
                  Object {
                    "__v_isVNode": true,
                    "__v_skip": true,
                    "anchor": null,
                    "appContext": null,
                    "children": Array [
                      Object {
                        "__v_isVNode": true,
                        "__v_skip": true,
                        "anchor": null,
                        "appContext": null,
                        "children": "Description:",
                        "component": null,
                        "dirs": null,
                        "dynamicChildren": null,
                        "dynamicProps": null,
                        "el": <h3>
                          Description:
                        </h3>,
                        "key": null,
                        "patchFlag": 0,
                        "props": null,
                        "ref": null,
                        "scopeId": null,
                        "shapeFlag": 9,
                        "slotScopeIds": null,
                        "ssContent": null,
                        "ssFallback": null,
                        "staticCount": 0,
                        "suspense": null,
                        "target": null,
                        "targetAnchor": null,
                        "transition": null,
                        "type": "h3",
                      },
                      Object {
                        "__v_isVNode": true,
                        "__v_skip": true,
                        "anchor": null,
                        "appContext": null,
                        "children": " More info about group trip here...description ",
                        "component": null,
                        "dirs": null,
                        "dynamicChildren": null,
                        "dynamicProps": null,
                        "el": <p
                          data-testid="description"
                        >
                           More info about group trip here...description 
                        </p>,
                        "key": null,
                        "patchFlag": 0,
                        "props": Object {
                          "data-testid": "description",
                        },
                        "ref": null,
                        "scopeId": null,
                        "shapeFlag": 9,
                        "slotScopeIds": null,
                        "ssContent": null,
                        "ssFallback": null,
                        "staticCount": 0,
                        "suspense": null,
                        "target": null,
                        "targetAnchor": null,
                        "transition": null,
                        "type": "p",
                      },
                    ],
                    "component": null,
                    "dirs": null,
                    "dynamicChildren": null,
                    "dynamicProps": null,
                    "el": <div>
                      <h3>
                        Description:
                      </h3>
                      <p
                        data-testid="description"
                      >
                         More info about group trip here...description 
                      </p>
                    </div>,
                    "key": null,
                    "patchFlag": -1,
                    "props": null,
                    "ref": null,
                    "scopeId": null,
                    "shapeFlag": 17,
                    "slotScopeIds": null,
                    "ssContent": null,
                    "ssFallback": null,
                    "staticCount": 0,
                    "suspense": null,
                    "target": null,
                    "targetAnchor": null,
                    "transition": null,
                    "type": "div",
                  },
                  Object {
                    "__v_isVNode": true,
                    "__v_skip": true,
                    "anchor": null,
                    "appContext": null,
                    "children": "v-if",
                    "component": null,
                    "dirs": null,
                    "dynamicChildren": Array [],
                    "dynamicProps": null,
                    "el": <!--v-if-->,
                    "key": null,
                    "patchFlag": 0,
                    "props": null,
                    "ref": null,
                    "scopeId": null,
                    "shapeFlag": 8,
                    "slotScopeIds": null,
                    "ssContent": null,
                    "ssFallback": null,
                    "staticCount": 0,
                    "suspense": null,
                    "target": null,
                    "targetAnchor": null,
                    "transition": null,
                    "type": Symbol(Comment),
                  },
                  Object {
                    "__v_isVNode": true,
                    "__v_skip": true,
                    "anchor": null,
                    "appContext": null,
                    "children": Array [
                      Object {
                        "__v_isVNode": true,
                        "__v_skip": true,
                        "anchor": null,
                        "appContext": null,
                        "children": "Destination City",
                        "component": null,
                        "dirs": null,
                        "dynamicChildren": null,
                        "dynamicProps": null,
                        "el": <h3>
                          Destination City
                        </h3>,
                        "key": null,
                        "patchFlag": -1,
                        "props": null,
                        "ref": null,
                        "scopeId": null,
                        "shapeFlag": 9,
                        "slotScopeIds": null,
                        "ssContent": null,
                        "ssFallback": null,
                        "staticCount": 0,
                        "suspense": null,
                        "target": null,
                        "targetAnchor": null,
                        "transition": null,
                        "type": "h3",
                      },
                      Object {
                        "__v_isVNode": true,
                        "__v_skip": true,
                        "anchor": null,
                        "appContext": null,
                        "children": "Cork",
                        "component": null,
                        "dirs": null,
                        "dynamicChildren": null,
                        "dynamicProps": null,
                        "el": <p
                          data-testid="destinationCity"
                        >
                          Cork
                        </p>,
                        "key": null,
                        "patchFlag": 1,
                        "props": Object {
                          "data-testid": "destinationCity",
                        },
                        "ref": null,
                        "scopeId": null,
                        "shapeFlag": 9,
                        "slotScopeIds": null,
                        "ssContent": null,
                        "ssFallback": null,
                        "staticCount": 0,
                        "suspense": null,
                        "target": null,
                        "targetAnchor": null,
                        "transition": null,
                        "type": "p",
                      },
                    ],
                    "component": null,
                    "dirs": null,
                    "dynamicChildren": null,
                    "dynamicProps": null,
                    "el": <div>
                      <h3>
                        Destination City
                      </h3>
                      <p
                        data-testid="destinationCity"
                      >
                        Cork
                      </p>
                    </div>,
                    "key": null,
                    "patchFlag": 0,
                    "props": null,
                    "ref": null,
                    "scopeId": null,
                    "shapeFlag": 17,
                    "slotScopeIds": null,
                    "ssContent": null,
                    "ssFallback": null,
                    "staticCount": 0,
                    "suspense": null,
                    "target": null,
                    "targetAnchor": null,
                    "transition": null,
                    "type": "div",
                  },
                  Object {
                    "__v_isVNode": true,
                    "__v_skip": true,
                    "anchor": null,
                    "appContext": null,
                    "children": Array [
                      Object {
                        "__v_isVNode": true,
                        "__v_skip": true,
                        "anchor": null,
                        "appContext": null,
                        "children": "Event Type",
                        "component": null,
                        "dirs": null,
                        "dynamicChildren": null,
                        "dynamicProps": null,
                        "el": <h3>
                          Event Type
                        </h3>,
                        "key": null,
                        "patchFlag": -1,
                        "props": null,
                        "ref": null,
                        "scopeId": null,
                        "shapeFlag": 9,
                        "slotScopeIds": null,
                        "ssContent": null,
                        "ssFallback": null,
                        "staticCount": 0,
                        "suspense": null,
                        "target": null,
                        "targetAnchor": null,
                        "transition": null,
                        "type": "h3",
                      },
                      Object {
                        "__v_isVNode": true,
                        "__v_skip": true,
                        "anchor": null,
                        "appContext": null,
                        "children": " Domestic Overnight Event ",
                        "component": null,
                        "dirs": null,
                        "dynamicChildren": Array [],
                        "dynamicProps": null,
                        "el": <p
                          data-testid="domesticOvernightEvent"
                        >
                           Domestic Overnight Event 
                        </p>,
                        "key": 1,
                        "patchFlag": 0,
                        "props": Object {
                          "data-testid": "domesticOvernightEvent",
                          "key": 1,
                        },
                        "ref": null,
                        "scopeId": null,
                        "shapeFlag": 9,
                        "slotScopeIds": null,
                        "ssContent": null,
                        "ssFallback": null,
                        "staticCount": 0,
                        "suspense": null,
                        "target": null,
                        "targetAnchor": null,
                        "transition": null,
                        "type": "p",
                      },
                    ],
                    "component": null,
                    "dirs": null,
                    "dynamicChildren": null,
                    "dynamicProps": null,
                    "el": <div>
                      <h3>
                        Event Type
                      </h3>
                      <p
                        data-testid="domesticOvernightEvent"
                      >
                         Domestic Overnight Event 
                      </p>
                    </div>,
                    "key": null,
                    "patchFlag": 0,
                    "props": null,
                    "ref": null,
                    "scopeId": null,
                    "shapeFlag": 17,
                    "slotScopeIds": null,
                    "ssContent": null,
                    "ssFallback": null,
                    "staticCount": 0,
                    "suspense": null,
                    "target": null,
                    "targetAnchor": null,
                    "transition": null,
                    "type": "div",
                  },
                ],
                "component": null,
                "dirs": null,
                "dynamicChildren": null,
                "dynamicProps": null,
                "el": <div
                  id="event-overview-info-container"
                >
                  <div>
                    <h3>
                      Title
                    </h3>
                    <p
                      data-testid="title"
                    >
                      Test Event
                    </p>
                  </div>
                  <div>
                    <h3>
                      Description:
                    </h3>
                    <p
                      data-testid="description"
                    >
                       More info about group trip here...description 
                    </p>
                  </div>
                  <!--v-if-->
                  <div>
                    <h3>
                      Destination City
                    </h3>
                    <p
                      data-testid="destinationCity"
                    >
                      Cork
                    </p>
                  </div>
                  <div>
                    <h3>
                      Event Type
                    </h3>
                    <p
                      data-testid="domesticOvernightEvent"
                    >
                       Domestic Overnight Event 
                    </p>
                  </div>
                </div>,
                "key": null,
                "patchFlag": 0,
                "props": Object {
                  "id": "event-overview-info-container",
                },
                "ref": null,
                "scopeId": null,
                "shapeFlag": 17,
                "slotScopeIds": null,
                "ssContent": null,
                "ssFallback": null,
                "staticCount": 0,
                "suspense": null,
                "target": null,
                "targetAnchor": null,
                "transition": null,
                "type": "div",
              },
              Object {
                "__v_isVNode": true,
                "__v_skip": true,
                "anchor": null,
                "appContext": null,
                "children": Array [
                  Object {
                    "__v_isVNode": true,
                    "__v_skip": true,
                    "anchor": null,
                    "appContext": null,
                    "children": "Users",
                    "component": null,
                    "dirs": null,
                    "dynamicChildren": null,
                    "dynamicProps": null,
                    "el": <h4>
                      Users
                    </h4>,
                    "key": null,
                    "patchFlag": -1,
                    "props": null,
                    "ref": null,
                    "scopeId": null,
                    "shapeFlag": 9,
                    "slotScopeIds": null,
                    "ssContent": null,
                    "ssFallback": null,
                    "staticCount": 0,
                    "suspense": null,
                    "target": null,
                    "targetAnchor": null,
                    "transition": null,
                    "type": "h4",
                  },
                  Object {
                    "__v_isVNode": true,
                    "__v_skip": true,
                    "anchor": ,
                    "appContext": null,
                    "children": Array [],
                    "component": null,
                    "dirs": null,
                    "dynamicChildren": Array [],
                    "dynamicProps": null,
                    "el": ,
                    "key": null,
                    "patchFlag": 128,
                    "props": null,
                    "ref": null,
                    "scopeId": null,
                    "shapeFlag": 16,
                    "slotScopeIds": null,
                    "ssContent": null,
                    "ssFallback": null,
                    "staticCount": 0,
                    "suspense": null,
                    "target": null,
                    "targetAnchor": null,
                    "transition": null,
                    "type": Symbol(Fragment),
                  },
                ],
                "component": null,
                "dirs": null,
                "dynamicChildren": null,
                "dynamicProps": null,
                "el": <div
                  id="event-users-parent-container"
                >
                  <h4>
                    Users
                  </h4>
                  
                  
                </div>,
                "key": null,
                "patchFlag": 0,
                "props": Object {
                  "id": "event-users-parent-container",
                },
                "ref": null,
                "scopeId": null,
                "shapeFlag": 17,
                "slotScopeIds": null,
                "ssContent": null,
                "ssFallback": null,
                "staticCount": 0,
                "suspense": null,
                "target": null,
                "targetAnchor": null,
                "transition": null,
                "type": "div",
              },
              Object {
                "__v_isVNode": true,
                "__v_skip": true,
                "anchor": null,
                "appContext": null,
                "children": Array [
                  Object {
                    "__v_isVNode": true,
                    "__v_skip": true,
                    "anchor": null,
                    "appContext": null,
                    "children": Array [
                      Object {
                        "__v_isVNode": true,
                        "__v_skip": true,
                        "anchor": null,
                        "appContext": null,
                        "children": null,
                        "component": null,
                        "dirs": null,
                        "dynamicChildren": null,
                        "dynamicProps": null,
                        "el": <i
                          class="fas fa-pen"
                        />,
                        "key": null,
                        "patchFlag": -1,
                        "props": Object {
                          "class": "fas fa-pen",
                        },
                        "ref": null,
                        "scopeId": null,
                        "shapeFlag": 1,
                        "slotScopeIds": null,
                        "ssContent": null,
                        "ssFallback": null,
                        "staticCount": 0,
                        "suspense": null,
                        "target": null,
                        "targetAnchor": null,
                        "transition": null,
                        "type": "i",
                      },
                    ],
                    "component": null,
                    "dirs": null,
                    "dynamicChildren": null,
                    "dynamicProps": null,
                    "el": <span
                      id="editEventIcon"
                    >
                      <i
                        class="fas fa-pen"
                      />
                    </span>,
                    "key": null,
                    "patchFlag": 0,
                    "props": Object {
                      "id": "editEventIcon",
                      "onClick": [Function],
                    },
                    "ref": null,
                    "scopeId": null,
                    "shapeFlag": 17,
                    "slotScopeIds": null,
                    "ssContent": null,
                    "ssFallback": null,
                    "staticCount": 0,
                    "suspense": null,
                    "target": null,
                    "targetAnchor": null,
                    "transition": null,
                    "type": "span",
                  },
                ],
                "component": null,
                "dirs": null,
                "dynamicChildren": Array [],
                "dynamicProps": null,
                "el": <div
                  class="event-user-actions-parent-container"
                >
                  <span
                    id="editEventIcon"
                  >
                    <i
                      class="fas fa-pen"
                    />
                  </span>
                </div>,
                "key": 0,
                "patchFlag": 0,
                "props": Object {
                  "class": "event-user-actions-parent-container",
                  "key": 0,
                },
                "ref": null,
                "scopeId": null,
                "shapeFlag": 17,
                "slotScopeIds": null,
                "ssContent": null,
                "ssFallback": null,
                "staticCount": 0,
                "suspense": null,
                "target": null,
                "targetAnchor": null,
                "transition": null,
                "type": "div",
              },
            ],
            "component": null,
            "dirs": null,
            "dynamicChildren": Array [
              Object {
                "__v_isVNode": true,
                "__v_skip": true,
                "anchor": null,
                "appContext": null,
                "children": "Test Event",
                "component": null,
                "dirs": null,
                "dynamicChildren": null,
                "dynamicProps": null,
                "el": <p
                  data-testid="title"
                >
                  Test Event
                </p>,
                "key": null,
                "patchFlag": 1,
                "props": Object {
                  "data-testid": "title",
                },
                "ref": null,
                "scopeId": null,
                "shapeFlag": 9,
                "slotScopeIds": null,
                "ssContent": null,
                "ssFallback": null,
                "staticCount": 0,
                "suspense": null,
                "target": null,
                "targetAnchor": null,
                "transition": null,
                "type": "p",
              },
              Object {
                "__v_isVNode": true,
                "__v_skip": true,
                "anchor": null,
                "appContext": null,
                "children": "v-if",
                "component": null,
                "dirs": null,
                "dynamicChildren": Array [],
                "dynamicProps": null,
                "el": <!--v-if-->,
                "key": null,
                "patchFlag": 0,
                "props": null,
                "ref": null,
                "scopeId": null,
                "shapeFlag": 8,
                "slotScopeIds": null,
                "ssContent": null,
                "ssFallback": null,
                "staticCount": 0,
                "suspense": null,
                "target": null,
                "targetAnchor": null,
                "transition": null,
                "type": Symbol(Comment),
              },
              Object {
                "__v_isVNode": true,
                "__v_skip": true,
                "anchor": null,
                "appContext": null,
                "children": "Cork",
                "component": null,
                "dirs": null,
                "dynamicChildren": null,
                "dynamicProps": null,
                "el": <p
                  data-testid="destinationCity"
                >
                  Cork
                </p>,
                "key": null,
                "patchFlag": 1,
                "props": Object {
                  "data-testid": "destinationCity",
                },
                "ref": null,
                "scopeId": null,
                "shapeFlag": 9,
                "slotScopeIds": null,
                "ssContent": null,
                "ssFallback": null,
                "staticCount": 0,
                "suspense": null,
                "target": null,
                "targetAnchor": null,
                "transition": null,
                "type": "p",
              },
              Object {
                "__v_isVNode": true,
                "__v_skip": true,
                "anchor": null,
                "appContext": null,
                "children": " Domestic Overnight Event ",
                "component": null,
                "dirs": null,
                "dynamicChildren": Array [],
                "dynamicProps": null,
                "el": <p
                  data-testid="domesticOvernightEvent"
                >
                   Domestic Overnight Event 
                </p>,
                "key": 1,
                "patchFlag": 0,
                "props": Object {
                  "data-testid": "domesticOvernightEvent",
                  "key": 1,
                },
                "ref": null,
                "scopeId": null,
                "shapeFlag": 9,
                "slotScopeIds": null,
                "ssContent": null,
                "ssFallback": null,
                "staticCount": 0,
                "suspense": null,
                "target": null,
                "targetAnchor": null,
                "transition": null,
                "type": "p",
              },
              Object {
                "__v_isVNode": true,
                "__v_skip": true,
                "anchor": ,
                "appContext": null,
                "children": Array [],
                "component": null,
                "dirs": null,
                "dynamicChildren": Array [],
                "dynamicProps": null,
                "el": ,
                "key": null,
                "patchFlag": 128,
                "props": null,
                "ref": null,
                "scopeId": null,
                "shapeFlag": 16,
                "slotScopeIds": null,
                "ssContent": null,
                "ssFallback": null,
                "staticCount": 0,
                "suspense": null,
                "target": null,
                "targetAnchor": null,
                "transition": null,
                "type": Symbol(Fragment),
              },
              Object {
                "__v_isVNode": true,
                "__v_skip": true,
                "anchor": null,
                "appContext": null,
                "children": Array [
                  Object {
                    "__v_isVNode": true,
                    "__v_skip": true,
                    "anchor": null,
                    "appContext": null,
                    "children": Array [
                      Object {
                        "__v_isVNode": true,
                        "__v_skip": true,
                        "anchor": null,
                        "appContext": null,
                        "children": null,
                        "component": null,
                        "dirs": null,
                        "dynamicChildren": null,
                        "dynamicProps": null,
                        "el": <i
                          class="fas fa-pen"
                        />,
                        "key": null,
                        "patchFlag": -1,
                        "props": Object {
                          "class": "fas fa-pen",
                        },
                        "ref": null,
                        "scopeId": null,
                        "shapeFlag": 1,
                        "slotScopeIds": null,
                        "ssContent": null,
                        "ssFallback": null,
                        "staticCount": 0,
                        "suspense": null,
                        "target": null,
                        "targetAnchor": null,
                        "transition": null,
                        "type": "i",
                      },
                    ],
                    "component": null,
                    "dirs": null,
                    "dynamicChildren": null,
                    "dynamicProps": null,
                    "el": <span
                      id="editEventIcon"
                    >
                      <i
                        class="fas fa-pen"
                      />
                    </span>,
                    "key": null,
                    "patchFlag": 0,
                    "props": Object {
                      "id": "editEventIcon",
                      "onClick": [Function],
                    },
                    "ref": null,
                    "scopeId": null,
                    "shapeFlag": 17,
                    "slotScopeIds": null,
                    "ssContent": null,
                    "ssFallback": null,
                    "staticCount": 0,
                    "suspense": null,
                    "target": null,
                    "targetAnchor": null,
                    "transition": null,
                    "type": "span",
                  },
                ],
                "component": null,
                "dirs": null,
                "dynamicChildren": Array [],
                "dynamicProps": null,
                "el": <div
                  class="event-user-actions-parent-container"
                >
                  <span
                    id="editEventIcon"
                  >
                    <i
                      class="fas fa-pen"
                    />
                  </span>
                </div>,
                "key": 0,
                "patchFlag": 0,
                "props": Object {
                  "class": "event-user-actions-parent-container",
                  "key": 0,
                },
                "ref": null,
                "scopeId": null,
                "shapeFlag": 17,
                "slotScopeIds": null,
                "ssContent": null,
                "ssFallback": null,
                "staticCount": 0,
                "suspense": null,
                "target": null,
                "targetAnchor": null,
                "transition": null,
                "type": "div",
              },
            ],
            "dynamicProps": null,
            "el": <div
              id="event-information-container"
            >
              <div
                id="event-overview-info-container"
              >
                <div>
                  <h3>
                    Title
                  </h3>
                  <p
                    data-testid="title"
                  >
                    Test Event
                  </p>
                </div>
                <div>
                  <h3>
                    Description:
                  </h3>
                  <p
                    data-testid="description"
                  >
                     More info about group trip here...description 
                  </p>
                </div>
                <!--v-if-->
                <div>
                  <h3>
                    Destination City
                  </h3>
                  <p
                    data-testid="destinationCity"
                  >
                    Cork
                  </p>
                </div>
                <div>
                  <h3>
                    Event Type
                  </h3>
                  <p
                    data-testid="domesticOvernightEvent"
                  >
                     Domestic Overnight Event 
                  </p>
                </div>
              </div>
              <div
                id="event-users-parent-container"
              >
                <h4>
                  Users
                </h4>
                
                
              </div>
              <div
                class="event-user-actions-parent-container"
              >
                <span
                  id="editEventIcon"
                >
                  <i
                    class="fas fa-pen"
                  />
                </span>
              </div>
            </div>,
            "key": null,
            "patchFlag": 0,
            "props": Object {
              "id": "event-information-container",
            },
            "ref": null,
            "scopeId": null,
            "shapeFlag": 17,
            "slotScopeIds": null,
            "ssContent": null,
            "ssFallback": null,
            "staticCount": 0,
            "suspense": null,
            "target": null,
            "targetAnchor": null,
            "transition": null,
            "type": "div",
          },
          "suspense": null,
          "suspenseId": 0,
          "type": Object {
            "components": Object {},
            "created": [Function],
            "data": [Function],
            "methods": Object {
              "populateEventInfo": [Function],
            },
            "props": Array [
              "individualEvent",
              "invitedUser",
            ],
            "render": [Function],
          },
          "u": null,
          "uid": 1,
          "um": null,
          "update": [Function],
          "vnode": [Circular],
          "withProxy": null,
        },
        "dirs": null,
        "dynamicChildren": null,
        "dynamicProps": null,
        "el": <div
          id="event-information-container"
        >
          <div
            id="event-overview-info-container"
          >
            <div>
              <h3>
                Title
              </h3>
              <p
                data-testid="title"
              >
                Test Event
              </p>
            </div>
            <div>
              <h3>
                Description:
              </h3>
              <p
                data-testid="description"
              >
                 More info about group trip here...description 
              </p>
            </div>
            <!--v-if-->
            <div>
              <h3>
                Destination City
              </h3>
              <p
                data-testid="destinationCity"
              >
                Cork
              </p>
            </div>
            <div>
              <h3>
                Event Type
              </h3>
              <p
                data-testid="domesticOvernightEvent"
              >
                 Domestic Overnight Event 
              </p>
            </div>
          </div>
          <div
            id="event-users-parent-container"
          >
            <h4>
              Users
            </h4>
            
            
          </div>
          <div
            class="event-user-actions-parent-container"
          >
            <span
              id="editEventIcon"
            >
              <i
                class="fas fa-pen"
              />
            </span>
          </div>
        </div>,
        "key": null,
        "patchFlag": 0,
        "props": Object {
          "individualEvent": Object {
            "city": "Cork",
            "title": "Test Event",
            "type": "DOMESTIC_OVERNIGHT",
          },
          "invitedUser": false,
          "ref": "VTU_COMPONENT",
        },
        "ref": Object {
          "f": false,
          "i": [Circular],
          "k": undefined,
          "r": "VTU_COMPONENT",
        },
        "scopeId": null,
        "shapeFlag": 4,
        "slotScopeIds": null,
        "ssContent": null,
        "ssFallback": null,
        "staticCount": 0,
        "suspense": null,
        "target": null,
        "targetAnchor": null,
        "transition": null,
        "type": Object {
          "components": Object {},
          "created": [Function],
          "data": [Function],
          "methods": Object {
            "populateEventInfo": [Function],
          },
          "props": Array [
            "individualEvent",
            "invitedUser",
          ],
          "render": [Function],
        },
      },
      "suspense": null,
      "suspenseId": 0,
      "type": Object {
        "name": "VTU_ROOT",
        "render": [Function],
      },
      "u": null,
      "uid": 0,
      "um": null,
      "update": [Function],
      "vnode": Object {
        "__v_isVNode": true,
        "__v_skip": true,
        "anchor": null,
        "appContext": Object {
          "app": [Circular],
          "components": Object {
            "transition": Object {
              "name": "transition",
            },
            "transition-group": Object {
              "name": "transition-group",
            },
          },
          "config": Object {
            "compilerOptions": Object {},
            "errorHandler": undefined,
            "globalProperties": Object {},
            "isNativeTag": [Function],
            "optionMergeStrategies": Object {},
            "performance": false,
            "warnHandler": undefined,
          },
          "directives": Object {},
          "emitsCache": WeakMap {},
          "mixins": Array [
            Object {
              "beforeCreate": [Function],
            },
          ],
          "optionsCache": WeakMap {},
          "propsCache": WeakMap {},
          "provides": Object {},
          "reload": [Function],
        },
        "children": null,
        "component": [Circular],
        "dirs": null,
        "dynamicChildren": null,
        "dynamicProps": null,
        "el": <div
          id="event-information-container"
        >
          <div
            id="event-overview-info-container"
          >
            <div>
              <h3>
                Title
              </h3>
              <p
                data-testid="title"
              >
                Test Event
              </p>
            </div>
            <div>
              <h3>
                Description:
              </h3>
              <p
                data-testid="description"
              >
                 More info about group trip here...description 
              </p>
            </div>
            <!--v-if-->
            <div>
              <h3>
                Destination City
              </h3>
              <p
                data-testid="destinationCity"
              >
                Cork
              </p>
            </div>
            <div>
              <h3>
                Event Type
              </h3>
              <p
                data-testid="domesticOvernightEvent"
              >
                 Domestic Overnight Event 
              </p>
            </div>
          </div>
          <div
            id="event-users-parent-container"
          >
            <h4>
              Users
            </h4>
            
            
          </div>
          <div
            class="event-user-actions-parent-container"
          >
            <span
              id="editEventIcon"
            >
              <i
                class="fas fa-pen"
              />
            </span>
          </div>
        </div>,
        "key": null,
        "patchFlag": 0,
        "props": null,
        "ref": null,
        "scopeId": null,
        "shapeFlag": 4,
        "slotScopeIds": null,
        "ssContent": null,
        "ssFallback": null,
        "staticCount": 0,
        "suspense": null,
        "target": null,
        "targetAnchor": null,
        "transition": null,
        "type": Object {
          "name": "VTU_ROOT",
          "render": [Function],
        },
      },
      "withProxy": null,
    },
    "_props": null,
    "_uid": 0,
    "component": [Function],
    "config": Object {
      "compilerOptions": Object {},
      "errorHandler": undefined,
      "globalProperties": Object {},
      "isNativeTag": [Function],
      "optionMergeStrategies": Object {},
      "performance": false,
      "warnHandler": undefined,
    },
    "directive": [Function],
    "mixin": [Function],
    "mount": [Function],
    "provide": [Function],
    "unmount": [Function],
    "use": [Function],
    "version": "3.2.26",
  },
  "__setProps": [Function],
  "componentVM": Object {
    "departureCity": "",
    "destinationCity": "Cork",
    "guestUser": false,
    "hasOwnProperty": [Function],
    "individualEvent": Object {
      "city": "Cork",
      "title": "Test Event",
      "type": "DOMESTIC_OVERNIGHT",
    },
    "invitedUser": false,
    "item": Object {
      "city": "Cork",
      "title": "Test Event",
      "type": "DOMESTIC_OVERNIGHT",
    },
    "populateEventInfo": [Function],
    "title": "Test Event",
    "type": "DOMESTIC_OVERNIGHT",
  },
  "isDisabled": [Function],
  "rootVM": Object {},
  "wrapperElement": <div
    id="event-information-container"
  >
    <div
      id="event-overview-info-container"
    >
      <div>
        <h3>
          Title
        </h3>
        <p
          data-testid="title"
        >
          Test Event
        </p>
      </div>
      <div>
        <h3>
          Description:
        </h3>
        <p
          data-testid="description"
        >
           More info about group trip here...description 
        </p>
      </div>
      <!--v-if-->
      <div>
        <h3>
          Destination City
        </h3>
        <p
          data-testid="destinationCity"
        >
          Cork
        </p>
      </div>
      <div>
        <h3>
          Event Type
        </h3>
        <p
          data-testid="domesticOvernightEvent"
        >
           Domestic Overnight Event 
        </p>
      </div>
    </div>
    <div
      id="event-users-parent-container"
    >
      <h4>
        Users
      </h4>
      
      
    </div>
    <div
      class="event-user-actions-parent-container"
    >
      <span
        id="editEventIcon"
      >
        <i
          class="fas fa-pen"
        />
      </span>
    </div>
  </div>,
}
`;
