// Jest Snapshot v1, https://goo.gl/fbAQLP

exports[`UserSettingsForm.vue should render correctly 1`] = `
VueWrapper {
  "__app": Object {
    "_component": Object {
      "name": "VTU_ROOT",
      "render": [Function],
    },
    "_container": <div
      data-v-app=""
    >
      <div
        class="settings-form-container"
      >
        <form>
          <div
            class="form-control"
          >
            <h2>
              Edit settings
            </h2>
          </div>
          <div
            class="form-control"
          >
            <label
              for="email"
            >
              Email
            </label>
            <input
              id="email"
              name="email"
              placeholder="Enter email"
              type="text"
            />
            <!--v-if-->
          </div>
          <div
            class="form-control"
          >
            <label
              for="password"
            >
              Password
            </label>
            <input
              id="password"
              name="password"
              placeholder="Enter password"
              type="password"
            />
            <!--v-if-->
          </div>
          <div
            class="form-control"
          >
            <input
              id="reEnterPassword"
              name="reEnterPassword"
              placeholder="Please Re-enter password"
              type="password"
            />
            <!--v-if-->
          </div>
          <div
            class="form-control"
          >
            <button>
              Update Account Settings
            </button>
          </div>
          <response-error-message-stub
            errormessage="Values must be provided for email and password."
            toggle="false"
          />
        </form>
      </div>
    </div>,
    "_context": Object {
      "app": [Circular],
      "components": Object {
        "transition": Object {
          "name": "transition",
        },
        "transition-group": Object {
          "name": "transition-group",
        },
      },
      "config": Object {
        "compilerOptions": Object {},
        "errorHandler": undefined,
        "globalProperties": Object {},
        "isNativeTag": [Function],
        "optionMergeStrategies": Object {},
        "performance": false,
        "warnHandler": undefined,
      },
      "directives": Object {},
      "emitsCache": WeakMap {},
      "mixins": Array [
        Object {
          "beforeCreate": [Function],
        },
      ],
      "optionsCache": WeakMap {},
      "propsCache": WeakMap {},
      "provides": Object {},
      "reload": [Function],
    },
    "_instance": Object {
      "a": null,
      "accessCache": Object {},
      "appContext": Object {
        "app": [Circular],
        "components": Object {
          "transition": Object {
            "name": "transition",
          },
          "transition-group": Object {
            "name": "transition-group",
          },
        },
        "config": Object {
          "compilerOptions": Object {},
          "errorHandler": undefined,
          "globalProperties": Object {},
          "isNativeTag": [Function],
          "optionMergeStrategies": Object {},
          "performance": false,
          "warnHandler": undefined,
        },
        "directives": Object {},
        "emitsCache": WeakMap {},
        "mixins": Array [
          Object {
            "beforeCreate": [Function],
          },
        ],
        "optionsCache": WeakMap {},
        "propsCache": WeakMap {},
        "provides": Object {},
        "reload": [Function],
      },
      "asyncDep": null,
      "asyncResolved": false,
      "attrs": Object {},
      "bc": null,
      "bm": null,
      "bu": null,
      "bum": null,
      "c": null,
      "components": null,
      "ctx": Object {},
      "da": null,
      "data": Object {},
      "directives": null,
      "ec": null,
      "effect": ReactiveEffect {
        "active": true,
        "allowRecurse": true,
        "deps": Array [
          Set {
            [Circular],
          },
          Set {
            [Circular],
          },
          Set {
            [Circular],
          },
          Set {
            [Circular],
          },
        ],
        "fn": [Function],
        "onTrack": undefined,
        "onTrigger": undefined,
        "scheduler": [Function],
      },
      "emit": [Function],
      "emitsOptions": null,
      "emitted": null,
      "exposeProxy": null,
      "exposed": null,
      "inheritAttrs": undefined,
      "isDeactivated": false,
      "isMounted": true,
      "isUnmounted": false,
      "m": null,
      "next": null,
      "parent": null,
      "props": Object {},
      "propsDefaults": Object {},
      "propsOptions": Array [
        Object {},
        Array [],
      ],
      "provides": Object {},
      "proxy": Object {},
      "refs": Object {
        "VTU_COMPONENT": Object {
          "email": "test@gmail.com",
          "emailNotProvided": false,
          "errorMessage": "Values must be provided for email and password.",
          "formTitle": "Edit settings",
          "hasOwnProperty": [Function],
          "hideErrorMessage": [Function],
          "invalidUpdate": false,
          "password": "",
          "passwordNotProvided": false,
          "passwordsNotMatching": false,
          "reEnterPassword": "",
          "submitForm": [Function],
          "user": Object {
            "email": "test@gmail.com",
            "profileImageUrl": "https://www.cloudinary-image.com",
          },
          "userService": Object {
            "loginUser": [Function],
            "registerUser": [Function],
            "updateUser": [Function],
            "uploadUserProfileImage": [Function],
          },
        },
      },
      "render": [Function],
      "renderCache": Array [],
      "root": [Circular],
      "rtc": null,
      "rtg": null,
      "scope": EffectScope {
        "active": true,
        "cleanups": Array [],
        "effects": Array [
          ReactiveEffect {
            "active": true,
            "allowRecurse": true,
            "deps": Array [
              Set {
                [Circular],
              },
              Set {
                [Circular],
              },
              Set {
                [Circular],
              },
              Set {
                [Circular],
              },
            ],
            "fn": [Function],
            "onTrack": undefined,
            "onTrigger": undefined,
            "scheduler": [Function],
          },
        ],
      },
      "setupContext": null,
      "setupState": Object {},
      "slots": Object {},
      "sp": null,
      "subTree": Object {
        "__v_isVNode": true,
        "__v_skip": true,
        "anchor": null,
        "appContext": null,
        "children": null,
        "component": Object {
          "a": null,
          "accessCache": Object {
            "@@__IMMUTABLE_ITERABLE__@@": 0,
            "@@__IMMUTABLE_RECORD__@@": 0,
            "_isMockFunction": 0,
            "constructor": 0,
            "email": 2,
            "emailNotProvided": 2,
            "errorMessage": 2,
            "formTitle": 2,
            "hasOwnProperty": 4,
            "hideErrorMessage": 4,
            "invalidUpdate": 2,
            "isVueInstance": 0,
            "password": 2,
            "passwordNotProvided": 2,
            "passwordsNotMatching": 2,
            "reEnterPassword": 2,
            "submitForm": 4,
            "toJSON": 0,
            "user": 3,
            "userService": 3,
            Symbol(Symbol.toStringTag): 0,
          },
          "appContext": Object {
            "app": [Circular],
            "components": Object {
              "transition": Object {
                "name": "transition",
              },
              "transition-group": Object {
                "name": "transition-group",
              },
            },
            "config": Object {
              "compilerOptions": Object {},
              "errorHandler": undefined,
              "globalProperties": Object {},
              "isNativeTag": [Function],
              "optionMergeStrategies": Object {},
              "performance": false,
              "warnHandler": undefined,
            },
            "directives": Object {},
            "emitsCache": WeakMap {},
            "mixins": Array [
              Object {
                "beforeCreate": [Function],
              },
            ],
            "optionsCache": WeakMap {},
            "propsCache": WeakMap {},
            "provides": Object {},
            "reload": [Function],
          },
          "asyncDep": null,
          "asyncResolved": false,
          "attrs": Object {},
          "bc": null,
          "bm": null,
          "bu": null,
          "bum": null,
          "c": null,
          "components": Object {
            "ResponseErrorMessage": Object {
              "data": [Function],
              "methods": Object {
                "hideErrorMessage": [Function],
              },
              "props": Object {
                "errorMessage": Object {
                  "0": false,
                  "1": true,
                  "type": [Function],
                },
                "toggle": Object {
                  "0": true,
                  "1": true,
                  "type": [Function],
                },
              },
              "render": [Function],
            },
          },
          "ctx": Object {
            "email": "test@gmail.com",
            "emailNotProvided": false,
            "errorMessage": "Values must be provided for email and password.",
            "formTitle": "Edit settings",
            "hasOwnProperty": [Function],
            "hideErrorMessage": [Function],
            "invalidUpdate": false,
            "password": "",
            "passwordNotProvided": false,
            "passwordsNotMatching": false,
            "reEnterPassword": "",
            "submitForm": [Function],
            "user": Object {
              "email": "test@gmail.com",
              "profileImageUrl": "https://www.cloudinary-image.com",
            },
            "userService": Object {
              "loginUser": [Function],
              "registerUser": [Function],
              "updateUser": [Function],
              "uploadUserProfileImage": [Function],
            },
          },
          "da": null,
          "data": Object {
            "email": "test@gmail.com",
            "emailNotProvided": false,
            "errorMessage": "Values must be provided for email and password.",
            "formTitle": "Edit settings",
            "invalidUpdate": false,
            "password": "",
            "passwordNotProvided": false,
            "passwordsNotMatching": false,
            "reEnterPassword": "",
          },
          "directives": null,
          "ec": null,
          "effect": ReactiveEffect {
            "active": true,
            "allowRecurse": true,
            "deps": Array [
              Set {
                [Circular],
              },
              Set {
                [Circular],
              },
              Set {
                [Circular],
              },
              Set {
                [Circular],
              },
              Set {
                [Circular],
              },
              Set {
                [Circular],
              },
              Set {
                [Circular],
              },
              Set {
                [Circular],
              },
              Set {
                [Circular],
              },
            ],
            "fn": [Function],
            "onTrack": undefined,
            "onTrigger": undefined,
            "scheduler": [Function],
          },
          "emit": [Function],
          "emitsOptions": null,
          "emitted": null,
          "exposeProxy": null,
          "exposed": null,
          "inheritAttrs": undefined,
          "isDeactivated": false,
          "isMounted": true,
          "isUnmounted": false,
          "m": null,
          "next": null,
          "parent": [Circular],
          "props": Object {
            "user": Object {
              "email": "test@gmail.com",
              "profileImageUrl": "https://www.cloudinary-image.com",
            },
            "userService": Object {
              "loginUser": [Function],
              "registerUser": [Function],
              "updateUser": [Function],
              "uploadUserProfileImage": [Function],
            },
          },
          "propsDefaults": Object {},
          "propsOptions": Array [
            Object {
              "user": Object {
                "0": false,
                "1": true,
                "type": [Function],
              },
              "userService": Object {
                "0": false,
                "1": true,
                "default": UserService {
                  "baseUrl": "http://localhost:3000/api/v1",
                },
              },
            },
            Array [
              "userService",
            ],
          ],
          "provides": Object {},
          "proxy": Object {
            "email": "test@gmail.com",
            "emailNotProvided": false,
            "errorMessage": "Values must be provided for email and password.",
            "formTitle": "Edit settings",
            "hasOwnProperty": [Function],
            "hideErrorMessage": [Function],
            "invalidUpdate": false,
            "password": "",
            "passwordNotProvided": false,
            "passwordsNotMatching": false,
            "reEnterPassword": "",
            "submitForm": [Function],
            "user": Object {
              "email": "test@gmail.com",
              "profileImageUrl": "https://www.cloudinary-image.com",
            },
            "userService": Object {
              "loginUser": [Function],
              "registerUser": [Function],
              "updateUser": [Function],
              "uploadUserProfileImage": [Function],
            },
          },
          "refs": Object {},
          "render": [Function],
          "renderCache": Array [
            [Function],
            [Function],
            [Function],
            [Function],
          ],
          "root": [Circular],
          "rtc": null,
          "rtg": null,
          "scope": EffectScope {
            "active": true,
            "cleanups": Array [],
            "effects": Array [
              ReactiveEffect {
                "active": true,
                "allowRecurse": true,
                "deps": Array [
                  Set {
                    [Circular],
                  },
                  Set {
                    [Circular],
                  },
                  Set {
                    [Circular],
                  },
                  Set {
                    [Circular],
                  },
                  Set {
                    [Circular],
                  },
                  Set {
                    [Circular],
                  },
                  Set {
                    [Circular],
                  },
                  Set {
                    [Circular],
                  },
                  Set {
                    [Circular],
                  },
                ],
                "fn": [Function],
                "onTrack": undefined,
                "onTrigger": undefined,
                "scheduler": [Function],
              },
            ],
          },
          "setupContext": null,
          "setupState": Object {},
          "slots": Object {},
          "sp": null,
          "subTree": Object {
            "__v_isVNode": true,
            "__v_skip": true,
            "anchor": null,
            "appContext": null,
            "children": Array [
              Object {
                "__v_isVNode": true,
                "__v_skip": true,
                "anchor": null,
                "appContext": null,
                "children": Array [
                  Object {
                    "__v_isVNode": true,
                    "__v_skip": true,
                    "anchor": null,
                    "appContext": null,
                    "children": Array [
                      Object {
                        "__v_isVNode": true,
                        "__v_skip": true,
                        "anchor": null,
                        "appContext": null,
                        "children": "Edit settings",
                        "component": null,
                        "dirs": null,
                        "dynamicChildren": null,
                        "dynamicProps": null,
                        "el": <h2>
                          Edit settings
                        </h2>,
                        "key": null,
                        "patchFlag": 1,
                        "props": null,
                        "ref": null,
                        "scopeId": null,
                        "shapeFlag": 9,
                        "slotScopeIds": null,
                        "ssContent": null,
                        "ssFallback": null,
                        "staticCount": 0,
                        "suspense": null,
                        "target": null,
                        "targetAnchor": null,
                        "transition": null,
                        "type": "h2",
                      },
                    ],
                    "component": null,
                    "dirs": null,
                    "dynamicChildren": null,
                    "dynamicProps": null,
                    "el": <div
                      class="form-control"
                    >
                      <h2>
                        Edit settings
                      </h2>
                    </div>,
                    "key": null,
                    "patchFlag": 0,
                    "props": Object {
                      "class": "form-control",
                    },
                    "ref": null,
                    "scopeId": null,
                    "shapeFlag": 17,
                    "slotScopeIds": null,
                    "ssContent": null,
                    "ssFallback": null,
                    "staticCount": 0,
                    "suspense": null,
                    "target": null,
                    "targetAnchor": null,
                    "transition": null,
                    "type": "div",
                  },
                  Object {
                    "__v_isVNode": true,
                    "__v_skip": true,
                    "anchor": null,
                    "appContext": null,
                    "children": Array [
                      Object {
                        "__v_isVNode": true,
                        "__v_skip": true,
                        "anchor": null,
                        "appContext": null,
                        "children": "Email",
                        "component": null,
                        "dirs": null,
                        "dynamicChildren": null,
                        "dynamicProps": null,
                        "el": <label
                          for="email"
                        >
                          Email
                        </label>,
                        "key": null,
                        "patchFlag": -1,
                        "props": Object {
                          "for": "email",
                        },
                        "ref": null,
                        "scopeId": null,
                        "shapeFlag": 9,
                        "slotScopeIds": null,
                        "ssContent": null,
                        "ssFallback": null,
                        "staticCount": 0,
                        "suspense": null,
                        "target": null,
                        "targetAnchor": null,
                        "transition": null,
                        "type": "label",
                      },
                      Object {
                        "__v_isVNode": true,
                        "__v_skip": true,
                        "anchor": null,
                        "appContext": null,
                        "children": null,
                        "component": null,
                        "dirs": Array [
                          Object {
                            "arg": undefined,
                            "dir": Object {
                              "beforeUpdate": [Function],
                              "created": [Function],
                              "mounted": [Function],
                            },
                            "instance": Object {
                              "email": "test@gmail.com",
                              "emailNotProvided": false,
                              "errorMessage": "Values must be provided for email and password.",
                              "formTitle": "Edit settings",
                              "hasOwnProperty": [Function],
                              "hideErrorMessage": [Function],
                              "invalidUpdate": false,
                              "password": "",
                              "passwordNotProvided": false,
                              "passwordsNotMatching": false,
                              "reEnterPassword": "",
                              "submitForm": [Function],
                              "user": Object {
                                "email": "test@gmail.com",
                                "profileImageUrl": "https://www.cloudinary-image.com",
                              },
                              "userService": Object {
                                "loginUser": [Function],
                                "registerUser": [Function],
                                "updateUser": [Function],
                                "uploadUserProfileImage": [Function],
                              },
                            },
                            "modifiers": Object {},
                            "oldValue": undefined,
                            "value": "test@gmail.com",
                          },
                        ],
                        "dynamicChildren": null,
                        "dynamicProps": null,
                        "el": <input
                          id="email"
                          name="email"
                          placeholder="Enter email"
                          type="text"
                        />,
                        "key": null,
                        "patchFlag": 512,
                        "props": Object {
                          "id": "email",
                          "name": "email",
                          "onUpdate:modelValue": [Function],
                          "placeholder": "Enter email",
                          "type": "text",
                        },
                        "ref": null,
                        "scopeId": null,
                        "shapeFlag": 1,
                        "slotScopeIds": null,
                        "ssContent": null,
                        "ssFallback": null,
                        "staticCount": 0,
                        "suspense": null,
                        "target": null,
                        "targetAnchor": null,
                        "transition": null,
                        "type": "input",
                      },
                      Object {
                        "__v_isVNode": true,
                        "__v_skip": true,
                        "anchor": null,
                        "appContext": null,
                        "children": "v-if",
                        "component": null,
                        "dirs": null,
                        "dynamicChildren": Array [],
                        "dynamicProps": null,
                        "el": <!--v-if-->,
                        "key": null,
                        "patchFlag": 0,
                        "props": null,
                        "ref": null,
                        "scopeId": null,
                        "shapeFlag": 8,
                        "slotScopeIds": null,
                        "ssContent": null,
                        "ssFallback": null,
                        "staticCount": 0,
                        "suspense": null,
                        "target": null,
                        "targetAnchor": null,
                        "transition": null,
                        "type": Symbol(Comment),
                      },
                    ],
                    "component": null,
                    "dirs": null,
                    "dynamicChildren": null,
                    "dynamicProps": null,
                    "el": <div
                      class="form-control"
                    >
                      <label
                        for="email"
                      >
                        Email
                      </label>
                      <input
                        id="email"
                        name="email"
                        placeholder="Enter email"
                        type="text"
                      />
                      <!--v-if-->
                    </div>,
                    "key": null,
                    "patchFlag": 0,
                    "props": Object {
                      "class": "form-control",
                    },
                    "ref": null,
                    "scopeId": null,
                    "shapeFlag": 17,
                    "slotScopeIds": null,
                    "ssContent": null,
                    "ssFallback": null,
                    "staticCount": 0,
                    "suspense": null,
                    "target": null,
                    "targetAnchor": null,
                    "transition": null,
                    "type": "div",
                  },
                  Object {
                    "__v_isVNode": true,
                    "__v_skip": true,
                    "anchor": null,
                    "appContext": null,
                    "children": Array [
                      Object {
                        "__v_isVNode": true,
                        "__v_skip": true,
                        "anchor": null,
                        "appContext": null,
                        "children": "Password",
                        "component": null,
                        "dirs": null,
                        "dynamicChildren": null,
                        "dynamicProps": null,
                        "el": <label
                          for="password"
                        >
                          Password
                        </label>,
                        "key": null,
                        "patchFlag": -1,
                        "props": Object {
                          "for": "password",
                        },
                        "ref": null,
                        "scopeId": null,
                        "shapeFlag": 9,
                        "slotScopeIds": null,
                        "ssContent": null,
                        "ssFallback": null,
                        "staticCount": 0,
                        "suspense": null,
                        "target": null,
                        "targetAnchor": null,
                        "transition": null,
                        "type": "label",
                      },
                      Object {
                        "__v_isVNode": true,
                        "__v_skip": true,
                        "anchor": null,
                        "appContext": null,
                        "children": null,
                        "component": null,
                        "dirs": Array [
                          Object {
                            "arg": undefined,
                            "dir": Object {
                              "beforeUpdate": [Function],
                              "created": [Function],
                              "mounted": [Function],
                            },
                            "instance": Object {
                              "email": "test@gmail.com",
                              "emailNotProvided": false,
                              "errorMessage": "Values must be provided for email and password.",
                              "formTitle": "Edit settings",
                              "hasOwnProperty": [Function],
                              "hideErrorMessage": [Function],
                              "invalidUpdate": false,
                              "password": "",
                              "passwordNotProvided": false,
                              "passwordsNotMatching": false,
                              "reEnterPassword": "",
                              "submitForm": [Function],
                              "user": Object {
                                "email": "test@gmail.com",
                                "profileImageUrl": "https://www.cloudinary-image.com",
                              },
                              "userService": Object {
                                "loginUser": [Function],
                                "registerUser": [Function],
                                "updateUser": [Function],
                                "uploadUserProfileImage": [Function],
                              },
                            },
                            "modifiers": Object {},
                            "oldValue": undefined,
                            "value": "",
                          },
                        ],
                        "dynamicChildren": null,
                        "dynamicProps": null,
                        "el": <input
                          id="password"
                          name="password"
                          placeholder="Enter password"
                          type="password"
                        />,
                        "key": null,
                        "patchFlag": 512,
                        "props": Object {
                          "id": "password",
                          "name": "password",
                          "onUpdate:modelValue": [Function],
                          "placeholder": "Enter password",
                          "type": "password",
                        },
                        "ref": null,
                        "scopeId": null,
                        "shapeFlag": 1,
                        "slotScopeIds": null,
                        "ssContent": null,
                        "ssFallback": null,
                        "staticCount": 0,
                        "suspense": null,
                        "target": null,
                        "targetAnchor": null,
                        "transition": null,
                        "type": "input",
                      },
                      Object {
                        "__v_isVNode": true,
                        "__v_skip": true,
                        "anchor": null,
                        "appContext": null,
                        "children": "v-if",
                        "component": null,
                        "dirs": null,
                        "dynamicChildren": Array [],
                        "dynamicProps": null,
                        "el": <!--v-if-->,
                        "key": null,
                        "patchFlag": 0,
                        "props": null,
                        "ref": null,
                        "scopeId": null,
                        "shapeFlag": 8,
                        "slotScopeIds": null,
                        "ssContent": null,
                        "ssFallback": null,
                        "staticCount": 0,
                        "suspense": null,
                        "target": null,
                        "targetAnchor": null,
                        "transition": null,
                        "type": Symbol(Comment),
                      },
                    ],
                    "component": null,
                    "dirs": null,
                    "dynamicChildren": null,
                    "dynamicProps": null,
                    "el": <div
                      class="form-control"
                    >
                      <label
                        for="password"
                      >
                        Password
                      </label>
                      <input
                        id="password"
                        name="password"
                        placeholder="Enter password"
                        type="password"
                      />
                      <!--v-if-->
                    </div>,
                    "key": null,
                    "patchFlag": 0,
                    "props": Object {
                      "class": "form-control",
                    },
                    "ref": null,
                    "scopeId": null,
                    "shapeFlag": 17,
                    "slotScopeIds": null,
                    "ssContent": null,
                    "ssFallback": null,
                    "staticCount": 0,
                    "suspense": null,
                    "target": null,
                    "targetAnchor": null,
                    "transition": null,
                    "type": "div",
                  },
                  Object {
                    "__v_isVNode": true,
                    "__v_skip": true,
                    "anchor": null,
                    "appContext": null,
                    "children": Array [
                      Object {
                        "__v_isVNode": true,
                        "__v_skip": true,
                        "anchor": null,
                        "appContext": null,
                        "children": null,
                        "component": null,
                        "dirs": Array [
                          Object {
                            "arg": undefined,
                            "dir": Object {
                              "beforeUpdate": [Function],
                              "created": [Function],
                              "mounted": [Function],
                            },
                            "instance": Object {
                              "email": "test@gmail.com",
                              "emailNotProvided": false,
                              "errorMessage": "Values must be provided for email and password.",
                              "formTitle": "Edit settings",
                              "hasOwnProperty": [Function],
                              "hideErrorMessage": [Function],
                              "invalidUpdate": false,
                              "password": "",
                              "passwordNotProvided": false,
                              "passwordsNotMatching": false,
                              "reEnterPassword": "",
                              "submitForm": [Function],
                              "user": Object {
                                "email": "test@gmail.com",
                                "profileImageUrl": "https://www.cloudinary-image.com",
                              },
                              "userService": Object {
                                "loginUser": [Function],
                                "registerUser": [Function],
                                "updateUser": [Function],
                                "uploadUserProfileImage": [Function],
                              },
                            },
                            "modifiers": Object {},
                            "oldValue": undefined,
                            "value": "",
                          },
                        ],
                        "dynamicChildren": null,
                        "dynamicProps": null,
                        "el": <input
                          id="reEnterPassword"
                          name="reEnterPassword"
                          placeholder="Please Re-enter password"
                          type="password"
                        />,
                        "key": null,
                        "patchFlag": 512,
                        "props": Object {
                          "id": "reEnterPassword",
                          "name": "reEnterPassword",
                          "onUpdate:modelValue": [Function],
                          "placeholder": "Please Re-enter password",
                          "type": "password",
                        },
                        "ref": null,
                        "scopeId": null,
                        "shapeFlag": 1,
                        "slotScopeIds": null,
                        "ssContent": null,
                        "ssFallback": null,
                        "staticCount": 0,
                        "suspense": null,
                        "target": null,
                        "targetAnchor": null,
                        "transition": null,
                        "type": "input",
                      },
                      Object {
                        "__v_isVNode": true,
                        "__v_skip": true,
                        "anchor": null,
                        "appContext": null,
                        "children": "v-if",
                        "component": null,
                        "dirs": null,
                        "dynamicChildren": Array [],
                        "dynamicProps": null,
                        "el": <!--v-if-->,
                        "key": null,
                        "patchFlag": 0,
                        "props": null,
                        "ref": null,
                        "scopeId": null,
                        "shapeFlag": 8,
                        "slotScopeIds": null,
                        "ssContent": null,
                        "ssFallback": null,
                        "staticCount": 0,
                        "suspense": null,
                        "target": null,
                        "targetAnchor": null,
                        "transition": null,
                        "type": Symbol(Comment),
                      },
                    ],
                    "component": null,
                    "dirs": null,
                    "dynamicChildren": null,
                    "dynamicProps": null,
                    "el": <div
                      class="form-control"
                    >
                      <input
                        id="reEnterPassword"
                        name="reEnterPassword"
                        placeholder="Please Re-enter password"
                        type="password"
                      />
                      <!--v-if-->
                    </div>,
                    "key": null,
                    "patchFlag": 0,
                    "props": Object {
                      "class": "form-control",
                    },
                    "ref": null,
                    "scopeId": null,
                    "shapeFlag": 17,
                    "slotScopeIds": null,
                    "ssContent": null,
                    "ssFallback": null,
                    "staticCount": 0,
                    "suspense": null,
                    "target": null,
                    "targetAnchor": null,
                    "transition": null,
                    "type": "div",
                  },
                  Object {
                    "__v_isVNode": true,
                    "__v_skip": true,
                    "anchor": null,
                    "appContext": null,
                    "children": Array [
                      Object {
                        "__v_isVNode": true,
                        "__v_skip": true,
                        "anchor": null,
                        "appContext": null,
                        "children": "Update Account Settings",
                        "component": null,
                        "dirs": null,
                        "dynamicChildren": null,
                        "dynamicProps": null,
                        "el": <button>
                          Update Account Settings
                        </button>,
                        "key": null,
                        "patchFlag": 0,
                        "props": null,
                        "ref": null,
                        "scopeId": null,
                        "shapeFlag": 9,
                        "slotScopeIds": null,
                        "ssContent": null,
                        "ssFallback": null,
                        "staticCount": 0,
                        "suspense": null,
                        "target": null,
                        "targetAnchor": null,
                        "transition": null,
                        "type": "button",
                      },
                    ],
                    "component": null,
                    "dirs": null,
                    "dynamicChildren": null,
                    "dynamicProps": null,
                    "el": <div
                      class="form-control"
                    >
                      <button>
                        Update Account Settings
                      </button>
                    </div>,
                    "key": null,
                    "patchFlag": -1,
                    "props": Object {
                      "class": "form-control",
                    },
                    "ref": null,
                    "scopeId": null,
                    "shapeFlag": 17,
                    "slotScopeIds": null,
                    "ssContent": null,
                    "ssFallback": null,
                    "staticCount": 0,
                    "suspense": null,
                    "target": null,
                    "targetAnchor": null,
                    "transition": null,
                    "type": "div",
                  },
                  Object {
                    "__v_isVNode": true,
                    "__v_skip": true,
                    "anchor": null,
                    "appContext": null,
                    "children": null,
                    "component": Object {
                      "a": null,
                      "accessCache": Object {},
                      "appContext": Object {
                        "app": [Circular],
                        "components": Object {
                          "transition": Object {
                            "name": "transition",
                          },
                          "transition-group": Object {
                            "name": "transition-group",
                          },
                        },
                        "config": Object {
                          "compilerOptions": Object {},
                          "errorHandler": undefined,
                          "globalProperties": Object {},
                          "isNativeTag": [Function],
                          "optionMergeStrategies": Object {},
                          "performance": false,
                          "warnHandler": undefined,
                        },
                        "directives": Object {},
                        "emitsCache": WeakMap {},
                        "mixins": Array [
                          Object {
                            "beforeCreate": [Function],
                          },
                        ],
                        "optionsCache": WeakMap {},
                        "propsCache": WeakMap {},
                        "provides": Object {},
                        "reload": [Function],
                      },
                      "asyncDep": null,
                      "asyncResolved": false,
                      "attrs": Object {
                        "onHideErrorMessage": [Function],
                      },
                      "bc": null,
                      "bm": null,
                      "bu": null,
                      "bum": null,
                      "c": null,
                      "components": null,
                      "ctx": Object {
                        "errorMessage": "Values must be provided for email and password.",
                        "toggle": false,
                      },
                      "da": null,
                      "data": Object {},
                      "directives": null,
                      "ec": null,
                      "effect": ReactiveEffect {
                        "active": true,
                        "allowRecurse": true,
                        "deps": Array [
                          Set {
                            [Circular],
                          },
                          Set {
                            [Circular],
                          },
                          Set {
                            [Circular],
                          },
                          Set {
                            [Circular],
                          },
                        ],
                        "fn": [Function],
                        "onTrack": undefined,
                        "onTrigger": undefined,
                        "scheduler": [Function],
                      },
                      "emit": [Function],
                      "emitsOptions": null,
                      "emitted": null,
                      "exposeProxy": null,
                      "exposed": null,
                      "inheritAttrs": undefined,
                      "isDeactivated": false,
                      "isMounted": true,
                      "isUnmounted": false,
                      "m": null,
                      "next": null,
                      "parent": [Circular],
                      "props": Object {
                        "errorMessage": "Values must be provided for email and password.",
                        "toggle": false,
                      },
                      "propsDefaults": Object {},
                      "propsOptions": Array [
                        Object {
                          "errorMessage": Object {
                            "0": false,
                            "1": true,
                            "type": [Function],
                          },
                          "toggle": Object {
                            "0": true,
                            "1": true,
                            "type": [Function],
                          },
                        },
                        Array [
                          "toggle",
                        ],
                      ],
                      "provides": Object {},
                      "proxy": Object {
                        "errorMessage": "Values must be provided for email and password.",
                        "toggle": false,
                      },
                      "refs": Object {},
                      "render": [Function],
                      "renderCache": Array [],
                      "root": [Circular],
                      "rtc": null,
                      "rtg": null,
                      "scope": EffectScope {
                        "active": true,
                        "cleanups": Array [],
                        "effects": Array [
                          ReactiveEffect {
                            "active": true,
                            "allowRecurse": true,
                            "deps": Array [
                              Set {
                                [Circular],
                              },
                              Set {
                                [Circular],
                              },
                              Set {
                                [Circular],
                              },
                              Set {
                                [Circular],
                              },
                            ],
                            "fn": [Function],
                            "onTrack": undefined,
                            "onTrigger": undefined,
                            "scheduler": [Function],
                          },
                        ],
                      },
                      "setupContext": null,
                      "setupState": Object {},
                      "slots": Object {},
                      "sp": null,
                      "subTree": Object {
                        "__v_isVNode": true,
                        "__v_skip": true,
                        "anchor": null,
                        "appContext": null,
                        "children": null,
                        "component": null,
                        "dirs": null,
                        "dynamicChildren": null,
                        "dynamicProps": null,
                        "el": <response-error-message-stub
                          errormessage="Values must be provided for email and password."
                          toggle="false"
                        />,
                        "key": null,
                        "patchFlag": 16,
                        "props": Object {
                          "errorMessage": "Values must be provided for email and password.",
                          "onHideErrorMessage": [Function],
                          "toggle": false,
                        },
                        "ref": null,
                        "scopeId": null,
                        "shapeFlag": 1,
                        "slotScopeIds": null,
                        "ssContent": null,
                        "ssFallback": null,
                        "staticCount": 0,
                        "suspense": null,
                        "target": null,
                        "targetAnchor": null,
                        "transition": null,
                        "type": "response-error-message-stub",
                      },
                      "suspense": null,
                      "suspenseId": 0,
                      "type": Object {
                        "compatConfig": Object {
                          "MODE": 3,
                          "RENDER_FUNCTION": false,
                        },
                        "name": "ResponseErrorMessage",
                        "props": Object {
                          "errorMessage": Object {
                            "0": false,
                            "1": true,
                            "type": [Function],
                          },
                          "toggle": Object {
                            "0": true,
                            "1": true,
                            "type": [Function],
                          },
                        },
                        "render": [Function],
                      },
                      "u": null,
                      "uid": 2,
                      "um": null,
                      "update": [Function],
                      "vnode": [Circular],
                      "withProxy": null,
                    },
                    "dirs": null,
                    "dynamicChildren": null,
                    "dynamicProps": Array [
                      "toggle",
                      "errorMessage",
                      "onHideErrorMessage",
                    ],
                    "el": <response-error-message-stub
                      errormessage="Values must be provided for email and password."
                      toggle="false"
                    />,
                    "key": null,
                    "patchFlag": 8,
                    "props": Object {
                      "errorMessage": "Values must be provided for email and password.",
                      "onHideErrorMessage": [Function],
                      "toggle": false,
                    },
                    "ref": null,
                    "scopeId": null,
                    "shapeFlag": 4,
                    "slotScopeIds": null,
                    "ssContent": null,
                    "ssFallback": null,
                    "staticCount": 0,
                    "suspense": null,
                    "target": null,
                    "targetAnchor": null,
                    "transition": null,
                    "type": Object {
                      "compatConfig": Object {
                        "MODE": 3,
                        "RENDER_FUNCTION": false,
                      },
                      "name": "ResponseErrorMessage",
                      "props": Object {
                        "errorMessage": Object {
                          "0": false,
                          "1": true,
                          "type": [Function],
                        },
                        "toggle": Object {
                          "0": true,
                          "1": true,
                          "type": [Function],
                        },
                      },
                      "render": [Function],
                    },
                  },
                ],
                "component": null,
                "dirs": null,
                "dynamicChildren": null,
                "dynamicProps": null,
                "el": <form>
                  <div
                    class="form-control"
                  >
                    <h2>
                      Edit settings
                    </h2>
                  </div>
                  <div
                    class="form-control"
                  >
                    <label
                      for="email"
                    >
                      Email
                    </label>
                    <input
                      id="email"
                      name="email"
                      placeholder="Enter email"
                      type="text"
                    />
                    <!--v-if-->
                  </div>
                  <div
                    class="form-control"
                  >
                    <label
                      for="password"
                    >
                      Password
                    </label>
                    <input
                      id="password"
                      name="password"
                      placeholder="Enter password"
                      type="password"
                    />
                    <!--v-if-->
                  </div>
                  <div
                    class="form-control"
                  >
                    <input
                      id="reEnterPassword"
                      name="reEnterPassword"
                      placeholder="Please Re-enter password"
                      type="password"
                    />
                    <!--v-if-->
                  </div>
                  <div
                    class="form-control"
                  >
                    <button>
                      Update Account Settings
                    </button>
                  </div>
                  <response-error-message-stub
                    errormessage="Values must be provided for email and password."
                    toggle="false"
                  />
                </form>,
                "key": null,
                "patchFlag": 32,
                "props": Object {
                  "onSubmit": [Function],
                },
                "ref": null,
                "scopeId": null,
                "shapeFlag": 17,
                "slotScopeIds": null,
                "ssContent": null,
                "ssFallback": null,
                "staticCount": 0,
                "suspense": null,
                "target": null,
                "targetAnchor": null,
                "transition": null,
                "type": "form",
              },
            ],
            "component": null,
            "dirs": null,
            "dynamicChildren": Array [
              Object {
                "__v_isVNode": true,
                "__v_skip": true,
                "anchor": null,
                "appContext": null,
                "children": "Edit settings",
                "component": null,
                "dirs": null,
                "dynamicChildren": null,
                "dynamicProps": null,
                "el": <h2>
                  Edit settings
                </h2>,
                "key": null,
                "patchFlag": 1,
                "props": null,
                "ref": null,
                "scopeId": null,
                "shapeFlag": 9,
                "slotScopeIds": null,
                "ssContent": null,
                "ssFallback": null,
                "staticCount": 0,
                "suspense": null,
                "target": null,
                "targetAnchor": null,
                "transition": null,
                "type": "h2",
              },
              Object {
                "__v_isVNode": true,
                "__v_skip": true,
                "anchor": null,
                "appContext": null,
                "children": null,
                "component": null,
                "dirs": Array [
                  Object {
                    "arg": undefined,
                    "dir": Object {
                      "beforeUpdate": [Function],
                      "created": [Function],
                      "mounted": [Function],
                    },
                    "instance": Object {
                      "email": "test@gmail.com",
                      "emailNotProvided": false,
                      "errorMessage": "Values must be provided for email and password.",
                      "formTitle": "Edit settings",
                      "hasOwnProperty": [Function],
                      "hideErrorMessage": [Function],
                      "invalidUpdate": false,
                      "password": "",
                      "passwordNotProvided": false,
                      "passwordsNotMatching": false,
                      "reEnterPassword": "",
                      "submitForm": [Function],
                      "user": Object {
                        "email": "test@gmail.com",
                        "profileImageUrl": "https://www.cloudinary-image.com",
                      },
                      "userService": Object {
                        "loginUser": [Function],
                        "registerUser": [Function],
                        "updateUser": [Function],
                        "uploadUserProfileImage": [Function],
                      },
                    },
                    "modifiers": Object {},
                    "oldValue": undefined,
                    "value": "test@gmail.com",
                  },
                ],
                "dynamicChildren": null,
                "dynamicProps": null,
                "el": <input
                  id="email"
                  name="email"
                  placeholder="Enter email"
                  type="text"
                />,
                "key": null,
                "patchFlag": 512,
                "props": Object {
                  "id": "email",
                  "name": "email",
                  "onUpdate:modelValue": [Function],
                  "placeholder": "Enter email",
                  "type": "text",
                },
                "ref": null,
                "scopeId": null,
                "shapeFlag": 1,
                "slotScopeIds": null,
                "ssContent": null,
                "ssFallback": null,
                "staticCount": 0,
                "suspense": null,
                "target": null,
                "targetAnchor": null,
                "transition": null,
                "type": "input",
              },
              Object {
                "__v_isVNode": true,
                "__v_skip": true,
                "anchor": null,
                "appContext": null,
                "children": "v-if",
                "component": null,
                "dirs": null,
                "dynamicChildren": Array [],
                "dynamicProps": null,
                "el": <!--v-if-->,
                "key": null,
                "patchFlag": 0,
                "props": null,
                "ref": null,
                "scopeId": null,
                "shapeFlag": 8,
                "slotScopeIds": null,
                "ssContent": null,
                "ssFallback": null,
                "staticCount": 0,
                "suspense": null,
                "target": null,
                "targetAnchor": null,
                "transition": null,
                "type": Symbol(Comment),
              },
              Object {
                "__v_isVNode": true,
                "__v_skip": true,
                "anchor": null,
                "appContext": null,
                "children": null,
                "component": null,
                "dirs": Array [
                  Object {
                    "arg": undefined,
                    "dir": Object {
                      "beforeUpdate": [Function],
                      "created": [Function],
                      "mounted": [Function],
                    },
                    "instance": Object {
                      "email": "test@gmail.com",
                      "emailNotProvided": false,
                      "errorMessage": "Values must be provided for email and password.",
                      "formTitle": "Edit settings",
                      "hasOwnProperty": [Function],
                      "hideErrorMessage": [Function],
                      "invalidUpdate": false,
                      "password": "",
                      "passwordNotProvided": false,
                      "passwordsNotMatching": false,
                      "reEnterPassword": "",
                      "submitForm": [Function],
                      "user": Object {
                        "email": "test@gmail.com",
                        "profileImageUrl": "https://www.cloudinary-image.com",
                      },
                      "userService": Object {
                        "loginUser": [Function],
                        "registerUser": [Function],
                        "updateUser": [Function],
                        "uploadUserProfileImage": [Function],
                      },
                    },
                    "modifiers": Object {},
                    "oldValue": undefined,
                    "value": "",
                  },
                ],
                "dynamicChildren": null,
                "dynamicProps": null,
                "el": <input
                  id="password"
                  name="password"
                  placeholder="Enter password"
                  type="password"
                />,
                "key": null,
                "patchFlag": 512,
                "props": Object {
                  "id": "password",
                  "name": "password",
                  "onUpdate:modelValue": [Function],
                  "placeholder": "Enter password",
                  "type": "password",
                },
                "ref": null,
                "scopeId": null,
                "shapeFlag": 1,
                "slotScopeIds": null,
                "ssContent": null,
                "ssFallback": null,
                "staticCount": 0,
                "suspense": null,
                "target": null,
                "targetAnchor": null,
                "transition": null,
                "type": "input",
              },
              Object {
                "__v_isVNode": true,
                "__v_skip": true,
                "anchor": null,
                "appContext": null,
                "children": "v-if",
                "component": null,
                "dirs": null,
                "dynamicChildren": Array [],
                "dynamicProps": null,
                "el": <!--v-if-->,
                "key": null,
                "patchFlag": 0,
                "props": null,
                "ref": null,
                "scopeId": null,
                "shapeFlag": 8,
                "slotScopeIds": null,
                "ssContent": null,
                "ssFallback": null,
                "staticCount": 0,
                "suspense": null,
                "target": null,
                "targetAnchor": null,
                "transition": null,
                "type": Symbol(Comment),
              },
              Object {
                "__v_isVNode": true,
                "__v_skip": true,
                "anchor": null,
                "appContext": null,
                "children": null,
                "component": null,
                "dirs": Array [
                  Object {
                    "arg": undefined,
                    "dir": Object {
                      "beforeUpdate": [Function],
                      "created": [Function],
                      "mounted": [Function],
                    },
                    "instance": Object {
                      "email": "test@gmail.com",
                      "emailNotProvided": false,
                      "errorMessage": "Values must be provided for email and password.",
                      "formTitle": "Edit settings",
                      "hasOwnProperty": [Function],
                      "hideErrorMessage": [Function],
                      "invalidUpdate": false,
                      "password": "",
                      "passwordNotProvided": false,
                      "passwordsNotMatching": false,
                      "reEnterPassword": "",
                      "submitForm": [Function],
                      "user": Object {
                        "email": "test@gmail.com",
                        "profileImageUrl": "https://www.cloudinary-image.com",
                      },
                      "userService": Object {
                        "loginUser": [Function],
                        "registerUser": [Function],
                        "updateUser": [Function],
                        "uploadUserProfileImage": [Function],
                      },
                    },
                    "modifiers": Object {},
                    "oldValue": undefined,
                    "value": "",
                  },
                ],
                "dynamicChildren": null,
                "dynamicProps": null,
                "el": <input
                  id="reEnterPassword"
                  name="reEnterPassword"
                  placeholder="Please Re-enter password"
                  type="password"
                />,
                "key": null,
                "patchFlag": 512,
                "props": Object {
                  "id": "reEnterPassword",
                  "name": "reEnterPassword",
                  "onUpdate:modelValue": [Function],
                  "placeholder": "Please Re-enter password",
                  "type": "password",
                },
                "ref": null,
                "scopeId": null,
                "shapeFlag": 1,
                "slotScopeIds": null,
                "ssContent": null,
                "ssFallback": null,
                "staticCount": 0,
                "suspense": null,
                "target": null,
                "targetAnchor": null,
                "transition": null,
                "type": "input",
              },
              Object {
                "__v_isVNode": true,
                "__v_skip": true,
                "anchor": null,
                "appContext": null,
                "children": "v-if",
                "component": null,
                "dirs": null,
                "dynamicChildren": Array [],
                "dynamicProps": null,
                "el": <!--v-if-->,
                "key": null,
                "patchFlag": 0,
                "props": null,
                "ref": null,
                "scopeId": null,
                "shapeFlag": 8,
                "slotScopeIds": null,
                "ssContent": null,
                "ssFallback": null,
                "staticCount": 0,
                "suspense": null,
                "target": null,
                "targetAnchor": null,
                "transition": null,
                "type": Symbol(Comment),
              },
              Object {
                "__v_isVNode": true,
                "__v_skip": true,
                "anchor": null,
                "appContext": null,
                "children": null,
                "component": Object {
                  "a": null,
                  "accessCache": Object {
                    "@@__IMMUTABLE_ITERABLE__@@": 0,
                    "@@__IMMUTABLE_RECORD__@@": 0,
                    "_isMockFunction": 0,
                    "constructor": 0,
                    "errorMessage": 3,
                    "isVueInstance": 0,
                    "toJSON": 0,
                    "toggle": 3,
                    Symbol(Symbol.toStringTag): 0,
                  },
                  "appContext": Object {
                    "app": [Circular],
                    "components": Object {
                      "transition": Object {
                        "name": "transition",
                      },
                      "transition-group": Object {
                        "name": "transition-group",
                      },
                    },
                    "config": Object {
                      "compilerOptions": Object {},
                      "errorHandler": undefined,
                      "globalProperties": Object {},
                      "isNativeTag": [Function],
                      "optionMergeStrategies": Object {},
                      "performance": false,
                      "warnHandler": undefined,
                    },
                    "directives": Object {},
                    "emitsCache": WeakMap {},
                    "mixins": Array [
                      Object {
                        "beforeCreate": [Function],
                      },
                    ],
                    "optionsCache": WeakMap {},
                    "propsCache": WeakMap {},
                    "provides": Object {},
                    "reload": [Function],
                  },
                  "asyncDep": null,
                  "asyncResolved": false,
                  "attrs": Object {
                    "onHideErrorMessage": [Function],
                  },
                  "bc": null,
                  "bm": null,
                  "bu": null,
                  "bum": null,
                  "c": null,
                  "components": null,
                  "ctx": Object {
                    "errorMessage": "Values must be provided for email and password.",
                    "toggle": false,
                  },
                  "da": null,
                  "data": Object {},
                  "directives": null,
                  "ec": null,
                  "effect": ReactiveEffect {
                    "active": true,
                    "allowRecurse": true,
                    "deps": Array [
                      Set {
                        [Circular],
                      },
                      Set {
                        [Circular],
                      },
                      Set {
                        [Circular],
                      },
                      Set {
                        [Circular],
                      },
                    ],
                    "fn": [Function],
                    "onTrack": undefined,
                    "onTrigger": undefined,
                    "scheduler": [Function],
                  },
                  "emit": [Function],
                  "emitsOptions": null,
                  "emitted": null,
                  "exposeProxy": null,
                  "exposed": null,
                  "inheritAttrs": undefined,
                  "isDeactivated": false,
                  "isMounted": true,
                  "isUnmounted": false,
                  "m": null,
                  "next": null,
                  "parent": [Circular],
                  "props": Object {
                    "errorMessage": "Values must be provided for email and password.",
                    "toggle": false,
                  },
                  "propsDefaults": Object {},
                  "propsOptions": Array [
                    Object {
                      "errorMessage": Object {
                        "0": false,
                        "1": true,
                        "type": [Function],
                      },
                      "toggle": Object {
                        "0": true,
                        "1": true,
                        "type": [Function],
                      },
                    },
                    Array [
                      "toggle",
                    ],
                  ],
                  "provides": Object {},
                  "proxy": Object {
                    "errorMessage": "Values must be provided for email and password.",
                    "toggle": false,
                  },
                  "refs": Object {},
                  "render": [Function],
                  "renderCache": Array [],
                  "root": [Circular],
                  "rtc": null,
                  "rtg": null,
                  "scope": EffectScope {
                    "active": true,
                    "cleanups": Array [],
                    "effects": Array [
                      ReactiveEffect {
                        "active": true,
                        "allowRecurse": true,
                        "deps": Array [
                          Set {
                            [Circular],
                          },
                          Set {
                            [Circular],
                          },
                          Set {
                            [Circular],
                          },
                          Set {
                            [Circular],
                          },
                        ],
                        "fn": [Function],
                        "onTrack": undefined,
                        "onTrigger": undefined,
                        "scheduler": [Function],
                      },
                    ],
                  },
                  "setupContext": null,
                  "setupState": Object {},
                  "slots": Object {},
                  "sp": null,
                  "subTree": Object {
                    "__v_isVNode": true,
                    "__v_skip": true,
                    "anchor": null,
                    "appContext": null,
                    "children": null,
                    "component": null,
                    "dirs": null,
                    "dynamicChildren": null,
                    "dynamicProps": null,
                    "el": <response-error-message-stub
                      errormessage="Values must be provided for email and password."
                      toggle="false"
                    />,
                    "key": null,
                    "patchFlag": 16,
                    "props": Object {
                      "errorMessage": "Values must be provided for email and password.",
                      "onHideErrorMessage": [Function],
                      "toggle": false,
                    },
                    "ref": null,
                    "scopeId": null,
                    "shapeFlag": 1,
                    "slotScopeIds": null,
                    "ssContent": null,
                    "ssFallback": null,
                    "staticCount": 0,
                    "suspense": null,
                    "target": null,
                    "targetAnchor": null,
                    "transition": null,
                    "type": "response-error-message-stub",
                  },
                  "suspense": null,
                  "suspenseId": 0,
                  "type": Object {
                    "compatConfig": Object {
                      "MODE": 3,
                      "RENDER_FUNCTION": false,
                    },
                    "name": "ResponseErrorMessage",
                    "props": Object {
                      "errorMessage": Object {
                        "0": false,
                        "1": true,
                        "type": [Function],
                      },
                      "toggle": Object {
                        "0": true,
                        "1": true,
                        "type": [Function],
                      },
                    },
                    "render": [Function],
                  },
                  "u": null,
                  "uid": 2,
                  "um": null,
                  "update": [Function],
                  "vnode": [Circular],
                  "withProxy": null,
                },
                "dirs": null,
                "dynamicChildren": null,
                "dynamicProps": Array [
                  "toggle",
                  "errorMessage",
                  "onHideErrorMessage",
                ],
                "el": <response-error-message-stub
                  errormessage="Values must be provided for email and password."
                  toggle="false"
                />,
                "key": null,
                "patchFlag": 8,
                "props": Object {
                  "errorMessage": "Values must be provided for email and password.",
                  "onHideErrorMessage": [Function],
                  "toggle": false,
                },
                "ref": null,
                "scopeId": null,
                "shapeFlag": 4,
                "slotScopeIds": null,
                "ssContent": null,
                "ssFallback": null,
                "staticCount": 0,
                "suspense": null,
                "target": null,
                "targetAnchor": null,
                "transition": null,
                "type": Object {
                  "compatConfig": Object {
                    "MODE": 3,
                    "RENDER_FUNCTION": false,
                  },
                  "name": "ResponseErrorMessage",
                  "props": Object {
                    "errorMessage": Object {
                      "0": false,
                      "1": true,
                      "type": [Function],
                    },
                    "toggle": Object {
                      "0": true,
                      "1": true,
                      "type": [Function],
                    },
                  },
                  "render": [Function],
                },
              },
            ],
            "dynamicProps": null,
            "el": <div
              class="settings-form-container"
            >
              <form>
                <div
                  class="form-control"
                >
                  <h2>
                    Edit settings
                  </h2>
                </div>
                <div
                  class="form-control"
                >
                  <label
                    for="email"
                  >
                    Email
                  </label>
                  <input
                    id="email"
                    name="email"
                    placeholder="Enter email"
                    type="text"
                  />
                  <!--v-if-->
                </div>
                <div
                  class="form-control"
                >
                  <label
                    for="password"
                  >
                    Password
                  </label>
                  <input
                    id="password"
                    name="password"
                    placeholder="Enter password"
                    type="password"
                  />
                  <!--v-if-->
                </div>
                <div
                  class="form-control"
                >
                  <input
                    id="reEnterPassword"
                    name="reEnterPassword"
                    placeholder="Please Re-enter password"
                    type="password"
                  />
                  <!--v-if-->
                </div>
                <div
                  class="form-control"
                >
                  <button>
                    Update Account Settings
                  </button>
                </div>
                <response-error-message-stub
                  errormessage="Values must be provided for email and password."
                  toggle="false"
                />
              </form>
            </div>,
            "key": null,
            "patchFlag": 0,
            "props": Object {
              "class": "settings-form-container",
            },
            "ref": null,
            "scopeId": null,
            "shapeFlag": 17,
            "slotScopeIds": null,
            "ssContent": null,
            "ssFallback": null,
            "staticCount": 0,
            "suspense": null,
            "target": null,
            "targetAnchor": null,
            "transition": null,
            "type": "div",
          },
          "suspense": null,
          "suspenseId": 0,
          "type": Object {
            "components": Object {
              "ResponseErrorMessage": Object {
                "data": [Function],
                "methods": Object {
                  "hideErrorMessage": [Function],
                },
                "props": Object {
                  "errorMessage": Object {
                    "0": false,
                    "1": true,
                    "type": [Function],
                  },
                  "toggle": Object {
                    "0": true,
                    "1": true,
                    "type": [Function],
                  },
                },
                "render": [Function],
              },
            },
            "data": [Function],
            "methods": Object {
              "hideErrorMessage": [Function],
              "submitForm": [Function],
            },
            "props": Object {
              "user": [Function],
              "userService": Object {
                "0": false,
                "1": true,
                "default": UserService {
                  "baseUrl": "http://localhost:3000/api/v1",
                },
              },
            },
            "render": [Function],
          },
          "u": null,
          "uid": 1,
          "um": null,
          "update": [Function],
          "vnode": [Circular],
          "withProxy": null,
        },
        "dirs": null,
        "dynamicChildren": null,
        "dynamicProps": null,
        "el": <div
          class="settings-form-container"
        >
          <form>
            <div
              class="form-control"
            >
              <h2>
                Edit settings
              </h2>
            </div>
            <div
              class="form-control"
            >
              <label
                for="email"
              >
                Email
              </label>
              <input
                id="email"
                name="email"
                placeholder="Enter email"
                type="text"
              />
              <!--v-if-->
            </div>
            <div
              class="form-control"
            >
              <label
                for="password"
              >
                Password
              </label>
              <input
                id="password"
                name="password"
                placeholder="Enter password"
                type="password"
              />
              <!--v-if-->
            </div>
            <div
              class="form-control"
            >
              <input
                id="reEnterPassword"
                name="reEnterPassword"
                placeholder="Please Re-enter password"
                type="password"
              />
              <!--v-if-->
            </div>
            <div
              class="form-control"
            >
              <button>
                Update Account Settings
              </button>
            </div>
            <response-error-message-stub
              errormessage="Values must be provided for email and password."
              toggle="false"
            />
          </form>
        </div>,
        "key": null,
        "patchFlag": 0,
        "props": Object {
          "ref": "VTU_COMPONENT",
          "user": Object {
            "email": "test@gmail.com",
            "profileImageUrl": "https://www.cloudinary-image.com",
          },
          "userService": Object {
            "loginUser": [Function],
            "registerUser": [Function],
            "updateUser": [Function],
            "uploadUserProfileImage": [Function],
          },
        },
        "ref": Object {
          "f": false,
          "i": [Circular],
          "k": undefined,
          "r": "VTU_COMPONENT",
        },
        "scopeId": null,
        "shapeFlag": 4,
        "slotScopeIds": null,
        "ssContent": null,
        "ssFallback": null,
        "staticCount": 0,
        "suspense": null,
        "target": null,
        "targetAnchor": null,
        "transition": null,
        "type": Object {
          "components": Object {
            "ResponseErrorMessage": Object {
              "data": [Function],
              "methods": Object {
                "hideErrorMessage": [Function],
              },
              "props": Object {
                "errorMessage": Object {
                  "0": false,
                  "1": true,
                  "type": [Function],
                },
                "toggle": Object {
                  "0": true,
                  "1": true,
                  "type": [Function],
                },
              },
              "render": [Function],
            },
          },
          "data": [Function],
          "methods": Object {
            "hideErrorMessage": [Function],
            "submitForm": [Function],
          },
          "props": Object {
            "user": [Function],
            "userService": Object {
              "0": false,
              "1": true,
              "default": UserService {
                "baseUrl": "http://localhost:3000/api/v1",
              },
            },
          },
          "render": [Function],
        },
      },
      "suspense": null,
      "suspenseId": 0,
      "type": Object {
        "name": "VTU_ROOT",
        "render": [Function],
      },
      "u": null,
      "uid": 0,
      "um": null,
      "update": [Function],
      "vnode": Object {
        "__v_isVNode": true,
        "__v_skip": true,
        "anchor": null,
        "appContext": Object {
          "app": [Circular],
          "components": Object {
            "transition": Object {
              "name": "transition",
            },
            "transition-group": Object {
              "name": "transition-group",
            },
          },
          "config": Object {
            "compilerOptions": Object {},
            "errorHandler": undefined,
            "globalProperties": Object {},
            "isNativeTag": [Function],
            "optionMergeStrategies": Object {},
            "performance": false,
            "warnHandler": undefined,
          },
          "directives": Object {},
          "emitsCache": WeakMap {},
          "mixins": Array [
            Object {
              "beforeCreate": [Function],
            },
          ],
          "optionsCache": WeakMap {},
          "propsCache": WeakMap {},
          "provides": Object {},
          "reload": [Function],
        },
        "children": null,
        "component": [Circular],
        "dirs": null,
        "dynamicChildren": null,
        "dynamicProps": null,
        "el": <div
          class="settings-form-container"
        >
          <form>
            <div
              class="form-control"
            >
              <h2>
                Edit settings
              </h2>
            </div>
            <div
              class="form-control"
            >
              <label
                for="email"
              >
                Email
              </label>
              <input
                id="email"
                name="email"
                placeholder="Enter email"
                type="text"
              />
              <!--v-if-->
            </div>
            <div
              class="form-control"
            >
              <label
                for="password"
              >
                Password
              </label>
              <input
                id="password"
                name="password"
                placeholder="Enter password"
                type="password"
              />
              <!--v-if-->
            </div>
            <div
              class="form-control"
            >
              <input
                id="reEnterPassword"
                name="reEnterPassword"
                placeholder="Please Re-enter password"
                type="password"
              />
              <!--v-if-->
            </div>
            <div
              class="form-control"
            >
              <button>
                Update Account Settings
              </button>
            </div>
            <response-error-message-stub
              errormessage="Values must be provided for email and password."
              toggle="false"
            />
          </form>
        </div>,
        "key": null,
        "patchFlag": 0,
        "props": null,
        "ref": null,
        "scopeId": null,
        "shapeFlag": 4,
        "slotScopeIds": null,
        "ssContent": null,
        "ssFallback": null,
        "staticCount": 0,
        "suspense": null,
        "target": null,
        "targetAnchor": null,
        "transition": null,
        "type": Object {
          "name": "VTU_ROOT",
          "render": [Function],
        },
      },
      "withProxy": null,
    },
    "_props": null,
    "_uid": 0,
    "component": [Function],
    "config": Object {
      "compilerOptions": Object {},
      "errorHandler": undefined,
      "globalProperties": Object {},
      "isNativeTag": [Function],
      "optionMergeStrategies": Object {},
      "performance": false,
      "warnHandler": undefined,
    },
    "directive": [Function],
    "mixin": [Function],
    "mount": [Function],
    "provide": [Function],
    "unmount": [Function],
    "use": [Function],
    "version": "3.2.26",
  },
  "__setProps": [Function],
  "componentVM": Object {
    "email": "test@gmail.com",
    "emailNotProvided": false,
    "errorMessage": "Values must be provided for email and password.",
    "formTitle": "Edit settings",
    "hasOwnProperty": [Function],
    "hideErrorMessage": [Function],
    "invalidUpdate": false,
    "password": "",
    "passwordNotProvided": false,
    "passwordsNotMatching": false,
    "reEnterPassword": "",
    "submitForm": [Function],
    "user": Object {
      "email": "test@gmail.com",
      "profileImageUrl": "https://www.cloudinary-image.com",
    },
    "userService": Object {
      "loginUser": [Function],
      "registerUser": [Function],
      "updateUser": [Function],
      "uploadUserProfileImage": [Function],
    },
  },
  "isDisabled": [Function],
  "rootVM": Object {},
  "wrapperElement": <div
    class="settings-form-container"
  >
    <form>
      <div
        class="form-control"
      >
        <h2>
          Edit settings
        </h2>
      </div>
      <div
        class="form-control"
      >
        <label
          for="email"
        >
          Email
        </label>
        <input
          id="email"
          name="email"
          placeholder="Enter email"
          type="text"
        />
        <!--v-if-->
      </div>
      <div
        class="form-control"
      >
        <label
          for="password"
        >
          Password
        </label>
        <input
          id="password"
          name="password"
          placeholder="Enter password"
          type="password"
        />
        <!--v-if-->
      </div>
      <div
        class="form-control"
      >
        <input
          id="reEnterPassword"
          name="reEnterPassword"
          placeholder="Please Re-enter password"
          type="password"
        />
        <!--v-if-->
      </div>
      <div
        class="form-control"
      >
        <button>
          Update Account Settings
        </button>
      </div>
      <response-error-message-stub
        errormessage="Values must be provided for email and password."
        toggle="false"
      />
    </form>
  </div>,
}
`;
